Component: ARM Compiler 5.06 update 6 (build 750) Tool: armlink [4d35ed]

==============================================================================

Section Cross References

    startup_stm32f103xb.o(STACK) refers (Special) to heapauxi.o(.text) for __use_two_region_memory
    startup_stm32f103xb.o(HEAP) refers (Special) to heapauxi.o(.text) for __use_two_region_memory
    startup_stm32f103xb.o(RESET) refers (Special) to heapauxi.o(.text) for __use_two_region_memory
    startup_stm32f103xb.o(RESET) refers to startup_stm32f103xb.o(STACK) for __initial_sp
    startup_stm32f103xb.o(RESET) refers to startup_stm32f103xb.o(.text) for Reset_Handler
    startup_stm32f103xb.o(RESET) refers to stm32f1xx_it.o(i.NMI_Handler) for NMI_Handler
    startup_stm32f103xb.o(RESET) refers to stm32f1xx_it.o(i.HardFault_Handler) for HardFault_Handler
    startup_stm32f103xb.o(RESET) refers to stm32f1xx_it.o(i.MemManage_Handler) for MemManage_Handler
    startup_stm32f103xb.o(RESET) refers to stm32f1xx_it.o(i.BusFault_Handler) for BusFault_Handler
    startup_stm32f103xb.o(RESET) refers to stm32f1xx_it.o(i.UsageFault_Handler) for UsageFault_Handler
    startup_stm32f103xb.o(RESET) refers to stm32f1xx_it.o(i.SVC_Handler) for SVC_Handler
    startup_stm32f103xb.o(RESET) refers to stm32f1xx_it.o(i.DebugMon_Handler) for DebugMon_Handler
    startup_stm32f103xb.o(RESET) refers to stm32f1xx_it.o(i.PendSV_Handler) for PendSV_Handler
    startup_stm32f103xb.o(RESET) refers to stm32f1xx_it.o(i.SysTick_Handler) for SysTick_Handler
    startup_stm32f103xb.o(RESET) refers to stm32f1xx_it.o(i.SPI1_IRQHandler) for SPI1_IRQHandler
    startup_stm32f103xb.o(.text) refers (Special) to heapauxi.o(.text) for __use_two_region_memory
    startup_stm32f103xb.o(.text) refers to system_stm32f1xx.o(i.SystemInit) for SystemInit
    startup_stm32f103xb.o(.text) refers to __main.o(!!!main) for __main
    startup_stm32f103xb.o(.text) refers to startup_stm32f103xb.o(HEAP) for Heap_Mem
    startup_stm32f103xb.o(.text) refers to startup_stm32f103xb.o(STACK) for Stack_Mem
    main.o(i.SystemClock_Config) refers to rt_memclr_w.o(.text) for __aeabi_memclr4
    main.o(i.SystemClock_Config) refers to stm32f1xx_hal_rcc.o(i.HAL_RCC_OscConfig) for HAL_RCC_OscConfig
    main.o(i.SystemClock_Config) refers to stm32f1xx_hal_rcc.o(i.HAL_RCC_ClockConfig) for HAL_RCC_ClockConfig
    main.o(i.main) refers to stm32f1xx_hal.o(i.HAL_Init) for HAL_Init
    main.o(i.main) refers to main.o(i.SystemClock_Config) for SystemClock_Config
    main.o(i.main) refers to gpio.o(i.MX_GPIO_Init) for MX_GPIO_Init
    main.o(i.main) refers to spi.o(i.MX_SPI1_Init) for MX_SPI1_Init
    main.o(i.main) refers to oled.o(i.OLED_Init) for OLED_Init
    main.o(i.main) refers to oled.o(i.OLED_ColorTurn) for OLED_ColorTurn
    main.o(i.main) refers to oled.o(i.OLED_DisplayTurn) for OLED_DisplayTurn
    main.o(i.main) refers to oled.o(i.OLED_Clear) for OLED_Clear
    main.o(i.main) refers to rc522.o(i.PCD_Reset) for PCD_Reset
    main.o(i.main) refers to rc522.o(i.PCD_AntennaOff) for PCD_AntennaOff
    main.o(i.main) refers to rc522.o(i.PCD_AntennaOn) for PCD_AntennaOn
    main.o(i.main) refers to ds18b20.o(i.DS_Init) for DS_Init
    main.o(i.main) refers to dht11.o(i.DHT11_READ_DATA) for DHT11_READ_DATA
    main.o(i.main) refers to ds18b20.o(i.Get_DS_Temperature) for Get_DS_Temperature
    main.o(i.main) refers to oled.o(i.oled_showFnum) for oled_showFnum
    main.o(i.main) refers to oled.o(i.OLED_Refresh) for OLED_Refresh
    gpio.o(i.MX_GPIO_Init) refers to stm32f1xx_hal_gpio.o(i.HAL_GPIO_WritePin) for HAL_GPIO_WritePin
    gpio.o(i.MX_GPIO_Init) refers to stm32f1xx_hal_gpio.o(i.HAL_GPIO_Init) for HAL_GPIO_Init
    spi.o(i.HAL_SPI_MspDeInit) refers to stm32f1xx_hal_gpio.o(i.HAL_GPIO_DeInit) for HAL_GPIO_DeInit
    spi.o(i.HAL_SPI_MspDeInit) refers to stm32f1xx_hal_cortex.o(i.HAL_NVIC_DisableIRQ) for HAL_NVIC_DisableIRQ
    spi.o(i.HAL_SPI_MspInit) refers to stm32f1xx_hal_gpio.o(i.HAL_GPIO_Init) for HAL_GPIO_Init
    spi.o(i.HAL_SPI_MspInit) refers to stm32f1xx_hal_cortex.o(i.HAL_NVIC_SetPriority) for HAL_NVIC_SetPriority
    spi.o(i.HAL_SPI_MspInit) refers to stm32f1xx_hal_cortex.o(i.HAL_NVIC_EnableIRQ) for HAL_NVIC_EnableIRQ
    spi.o(i.MX_SPI1_Init) refers to stm32f1xx_hal_spi.o(i.HAL_SPI_Init) for HAL_SPI_Init
    spi.o(i.MX_SPI1_Init) refers to main.o(i.Error_Handler) for Error_Handler
    spi.o(i.MX_SPI1_Init) refers to spi.o(.bss) for .bss
    stm32f1xx_it.o(i.SPI1_IRQHandler) refers to stm32f1xx_hal_spi.o(i.HAL_SPI_IRQHandler) for HAL_SPI_IRQHandler
    stm32f1xx_it.o(i.SPI1_IRQHandler) refers to spi.o(.bss) for hspi1
    stm32f1xx_it.o(i.SysTick_Handler) refers to stm32f1xx_hal.o(i.HAL_IncTick) for HAL_IncTick
    stm32f1xx_hal_spi.o(i.HAL_SPI_Abort) refers to stm32f1xx_hal_dma.o(i.HAL_DMA_Abort) for HAL_DMA_Abort
    stm32f1xx_hal_spi.o(i.HAL_SPI_Abort) refers to system_stm32f1xx.o(.data) for SystemCoreClock
[...]
    ../Drivers/STM32F1xx_HAL_Driver/Src/stm32f1xx_hal_flash_ex.c 0x00000000   Number         0  stm32f1xx_hal_flash_ex.o ABSOLUTE
    ../Drivers/STM32F1xx_HAL_Driver/Src/stm32f1xx_hal_gpio.c 0x00000000   Number         0  stm32f1xx_hal_gpio.o ABSOLUTE
    ../Drivers/STM32F1xx_HAL_Driver/Src/stm32f1xx_hal_gpio_ex.c 0x00000000   Number         0  stm32f1xx_hal_gpio_ex.o ABSOLUTE
    ../Drivers/STM32F1xx_HAL_Driver/Src/stm32f1xx_hal_pwr.c 0x00000000   Number         0  stm32f1xx_hal_pwr.o ABSOLUTE
    ../Drivers/STM32F1xx_HAL_Driver/Src/stm32f1xx_hal_rcc.c 0x00000000   Number         0  stm32f1xx_hal_rcc.o ABSOLUTE
    ../Drivers/STM32F1xx_HAL_Driver/Src/stm32f1xx_hal_rcc_ex.c 0x00000000   Number         0  stm32f1xx_hal_rcc_ex.o ABSOLUTE
    ../Drivers/STM32F1xx_HAL_Driver/Src/stm32f1xx_hal_spi.c 0x00000000   Number         0  stm32f1xx_hal_spi.o ABSOLUTE
    ../clib/angel/boardlib.s                 0x00000000   Number         0  boardshut.o ABSOLUTE
    ../clib/angel/boardlib.s                 0x00000000   Number         0  boardinit1.o ABSOLUTE
    ../clib/angel/boardlib.s                 0x00000000   Number         0  boardinit2.o ABSOLUTE
    ../clib/angel/boardlib.s                 0x00000000   Number         0  boardinit3.o ABSOLUTE
    ../clib/angel/handlers.s                 0x00000000   Number         0  __scatter_copy.o ABSOLUTE
    ../clib/angel/handlers.s                 0x00000000   Number         0  __scatter_zi.o ABSOLUTE
    ../clib/angel/kernel.s                   0x00000000   Number         0  rtexit.o ABSOLUTE
    ../clib/angel/kernel.s                   0x00000000   Number         0  rtexit2.o ABSOLUTE
    ../clib/angel/kernel.s                   0x00000000   Number         0  __rtentry4.o ABSOLUTE
    ../clib/angel/kernel.s                   0x00000000   Number         0  __rtentry.o ABSOLUTE
    ../clib/angel/kernel.s                   0x00000000   Number         0  __rtentry2.o ABSOLUTE
    ../clib/angel/rt.s                       0x00000000   Number         0  rt_raise.o ABSOLUTE
    ../clib/angel/rt.s                       0x00000000   Number         0  rt_locale.o ABSOLUTE
    ../clib/angel/rt.s                       0x00000000   Number         0  rt_locale_intlibspace.o ABSOLUTE
    ../clib/angel/scatter.s                  0x00000000   Number         0  __scatter.o ABSOLUTE
    ../clib/angel/startup.s                  0x00000000   Number         0  __main.o ABSOLUTE
    ../clib/angel/sys.s                      0x00000000   Number         0  use_no_semi.o ABSOLUTE
    ../clib/angel/sys.s                      0x00000000   Number         0  libspace.o ABSOLUTE
    ../clib/angel/sys.s                      0x00000000   Number         0  indicate_semi.o ABSOLUTE
    ../clib/angel/sys.s                      0x00000000   Number         0  sys_stackheap_outer.o ABSOLUTE
    ../clib/angel/sysapp.c                   0x00000000   Number         0  sys_command.o ABSOLUTE
    ../clib/angel/sysapp.c                   0x00000000   Number         0  sys_exit.o ABSOLUTE
    ../clib/angel/sysapp.c                   0x00000000   Number         0  sys_wrch.o ABSOLUTE
    ../clib/armsys.c                         0x00000000   Number         0  argv_veneer.o ABSOLUTE
    ../clib/armsys.c                         0x00000000   Number         0  argv_veneer.o ABSOLUTE
    ../clib/armsys.c                         0x00000000   Number         0  no_argv.o ABSOLUTE
    ../clib/armsys.c                         0x00000000   Number         0  _get_argv_nomalloc.o ABSOLUTE
    ../clib/bigflt.c                         0x00000000   Number         0  bigflt0.o ABSOLUTE
    ../clib/btod.s                           0x00000000   Number         0  btod.o ABSOLUTE
    ../clib/heapalloc.c                      0x00000000   Number         0  hrguard.o ABSOLUTE
    ../clib/heapaux.c                        0x00000000   Number         0  heapauxi.o ABSOLUTE
    ../clib/libinit.s                        0x00000000   Number         0  libshutdown.o ABSOLUTE
    ../clib/libinit.s                        0x00000000   Number         0  libshutdown2.o ABSOLUTE
    ../clib/libinit.s                        0x00000000   Number         0  libinit2.o ABSOLUTE
    ../clib/libinit.s                        0x00000000   Number         0  libinit.o ABSOLUTE
    ../clib/locale.s                         0x00000000   Number         0  lc_numeric_c.o ABSOLUTE
    ../clib/longlong.s                       0x00000000   Number         0  llushr.o ABSOLUTE
    ../clib/longlong.s                       0x00000000   Number         0  lludiv10.o ABSOLUTE
    ../clib/memcpset.s                       0x00000000   Number         0  rt_memclr_w.o ABSOLUTE
    ../clib/memcpset.s                       0x00000000   Number         0  strcmpv7m.o ABSOLUTE
    ../clib/misc.s                           0x00000000   Number         0  printf_stubs.o ABSOLUTE
    ../clib/printf.c                         0x00000000   Number         0  __2sprintf.o ABSOLUTE
    ../clib/printf.c                         0x00000000   Number         0  _printf_fp_dec.o ABSOLUTE
    ../clib/printf.c                         0x00000000   Number         0  _sputc.o ABSOLUTE
    ../clib/printf.c                         0x00000000   Number         0  _printf_char_common.o ABSOLUTE
    ../clib/printf.c                         0x00000000   Number         0  _printf_fp_infnan.o ABSOLUTE
    ../clib/printf.c                         0x00000000   Number         0  __printf_wp.o ABSOLUTE
    ../clib/printf.c                         0x00000000   Number         0  __printf_flags_ss_wp.o ABSOLUTE
    ../clib/printf.c                         0x00000000   Number         0  __printf_flags_wp.o ABSOLUTE
    ../clib/printf.c                         0x00000000   Number         0  __printf_ss_wp.o ABSOLUTE
    ../clib/printf.c                         0x00000000   Number         0  __printf_flags_ss.o ABSOLUTE
    ../clib/printf.c                         0x00000000   Number         0  __printf_ss.o ABSOLUTE
    ../clib/printf.c                         0x00000000   Number         0  __printf_nopercent.o ABSOLUTE
    ../clib/printf.c                         0x00000000   Number         0  __printf_flags.o ABSOLUTE
    ../clib/printf.c                         0x00000000   Number         0  _printf_intcommon.o ABSOLUTE
    ../clib/printf.c                         0x00000000   Number         0  _printf_dec.o ABSOLUTE
    ../clib/printf.c                         0x00000000   Number         0  __printf.o ABSOLUTE
    ../clib/printf.c                         0x00000000   Number         0  noretval__2sprintf.o ABSOLUTE
    ../clib/printf_percent.s                 0x00000000   Number         0  _printf_percent_end.o ABSOLUTE
    ../clib/printf_percent.s                 0x00000000   Number         0  _printf_percent.o ABSOLUTE
    ../clib/printf_percent.s                 0x00000000   Number         0  _printf_f.o ABSOLUTE
    ../clib/printf_percent.s                 0x00000000   Number         0  _printf_d.o ABSOLUTE
    ../clib/signal.c                         0x00000000   Number         0  defsig_exit.o ABSOLUTE
    ../clib/signal.c                         0x00000000   Number         0  defsig_rtmem_outer.o ABSOLUTE
    ../clib/signal.c                         0x00000000   Number         0  defsig_pvfn_inner.o ABSOLUTE
    ../clib/signal.c                         0x00000000   Number         0  defsig_rtmem_inner.o ABSOLUTE
    ../clib/signal.c                         0x00000000   Number         0  defsig_cppl_inner.o ABSOLUTE
    ../clib/signal.c                         0x00000000   Number         0  defsig_fpe_inner.o ABSOLUTE
    ../clib/signal.c                         0x00000000   Number         0  defsig_other.o ABSOLUTE
    ../clib/signal.c                         0x00000000   Number         0  defsig_segv_inner.o ABSOLUTE
    ../clib/signal.c                         0x00000000   Number         0  defsig_abrt_inner.o ABSOLUTE
    ../clib/signal.c                         0x00000000   Number         0  defsig_general.o ABSOLUTE
    ../clib/signal.c                         0x00000000   Number         0  __raise.o ABSOLUTE
    ../clib/signal.c                         0x00000000   Number         0  defsig_stak_inner.o ABSOLUTE
    ../clib/signal.c                         0x00000000   Number         0  defsig_rtmem_formal.o ABSOLUTE
    ../clib/signal.c                         0x00000000   Number         0  defsig_rtred_inner.o ABSOLUTE
    ../clib/signal.s                         0x00000000   Number         0  defsig.o ABSOLUTE
    ../clib/stdlib.c                         0x00000000   Number         0  exit.o ABSOLUTE
    ../fplib/d2f.s                           0x00000000   Number         0  d2f.o ABSOLUTE
    ../fplib/dcheck1.s                       0x00000000   Number         0  dcheck1.o ABSOLUTE
    ../fplib/dflt.s                          0x00000000   Number         0  dflt_clz.o ABSOLUTE
    ../fplib/dnaninf.s                       0x00000000   Number         0  dnaninf.o ABSOLUTE
    ../fplib/dretinf.s                       0x00000000   Number         0  dretinf.o ABSOLUTE
    ../fplib/f2d.s                           0x00000000   Number         0  f2d.o ABSOLUTE
    ../fplib/fnaninf.s                       0x00000000   Number         0  fnaninf.o ABSOLUTE
    ../fplib/fpinit.s                        0x00000000   Number         0  fpinit.o ABSOLUTE
    ../fplib/fretinf.s                       0x00000000   Number         0  fretinf.o ABSOLUTE
    ../fplib/istatus.s                       0x00000000   Number         0  istatus.o ABSOLUTE
    ../fplib/printf1.s                       0x00000000   Number         0  printf1.o ABSOLUTE
    ../fplib/retnan.s                        0x00000000   Number         0  retnan.o ABSOLUTE
    ../fplib/scalbn.s                        0x00000000   Number         0  scalbn.o ABSOLUTE
    ../fplib/trapv.s                         0x00000000   Number         0  trapv.o ABSOLUTE
    ../fplib/usenofp.s                       0x00000000   Number         0  usenofp.o ABSOLUTE
    ../mathlib/fpclassify.c                  0x00000000   Number         0  fpclassify.o ABSOLUTE
    ..\BSP\DHT11.c                           0x00000000   Number         0  dht11.o ABSOLUTE
    ..\BSP\RC522.c                           0x00000000   Number         0  rc522.o ABSOLUTE
    ..\BSP\ds18b20.c                         0x00000000   Number         0  ds18b20.o ABSOLUTE
    ..\BSP\oled.c                            0x00000000   Number         0  oled.o ABSOLUTE
    ..\Core\Src\gpio.c                       0x00000000   Number         0  gpio.o ABSOLUTE
    ..\Core\Src\main.c                       0x00000000   Number         0  main.o ABSOLUTE
    ..\Core\Src\spi.c                        0x00000000   Number         0  spi.o ABSOLUTE
    ..\Core\Src\stm32f1xx_hal_msp.c          0x00000000   Number         0  stm32f1xx_hal_msp.o ABSOLUTE
    ..\Core\Src\stm32f1xx_it.c               0x00000000   Number         0  stm32f1xx_it.o ABSOLUTE
    ..\Core\Src\system_stm32f1xx.c           0x00000000   Number         0  system_stm32f1xx.o ABSOLUTE
    ..\Drivers\STM32F1xx_HAL_Driver\Src\stm32f1xx_hal.c 0x00000000   Number         0  stm32f1xx_hal.o ABSOLUTE
    ..\Drivers\STM32F1xx_HAL_Driver\Src\stm32f1xx_hal_cortex.c 0x00000000   Number         0  stm32f1xx_hal_cortex.o ABSOLUTE
    ..\Drivers\STM32F1xx_HAL_Driver\Src\stm32f1xx_hal_dma.c 0x00000000   Number         0  stm32f1xx_hal_dma.o ABSOLUTE
    ..\Drivers\STM32F1xx_HAL_Driver\Src\stm32f1xx_hal_exti.c 0x00000000   Number         0  stm32f1xx_hal_exti.o ABSOLUTE
    ..\Drivers\STM32F1xx_HAL_Driver\Src\stm32f1xx_hal_flash.c 0x00000000   Number         0  stm32f1xx_hal_flash.o ABSOLUTE
    ..\Drivers\STM32F1xx_HAL_Driver\Src\stm32f1xx_hal_flash_ex.c 0x00000000   Number         0  stm32f1xx_hal_flash_ex.o ABSOLUTE
    ..\Drivers\STM32F1xx_HAL_Driver\Src\stm32f1xx_hal_gpio.c 0x00000000   Number         0  stm32f1xx_hal_gpio.o ABSOLUTE
    ..\Drivers\STM32F1xx_HAL_Driver\Src\stm32f1xx_hal_gpio_ex.c 0x00000000   Number         0  stm32f1xx_hal_gpio_ex.o ABSOLUTE
    ..\Drivers\STM32F1xx_HAL_Driver\Src\stm32f1xx_hal_pwr.c 0x00000000   Number         0  stm32f1xx_hal_pwr.o ABSOLUTE
    ..\Drivers\STM32F1xx_HAL_Driver\Src\stm32f1xx_hal_rcc.c 0x00000000   Number         0  stm32f1xx_hal_rcc.o ABSOLUTE
    ..\Drivers\STM32F1xx_HAL_Driver\Src\stm32f1xx_hal_rcc_ex.c 0x00000000   Number         0  stm32f1xx_hal_rcc_ex.o ABSOLUTE
    ..\Drivers\STM32F1xx_HAL_Driver\Src\stm32f1xx_hal_spi.c 0x00000000   Number         0  stm32f1xx_hal_spi.o ABSOLUTE
    ..\\BSP\\DHT11.c                         0x00000000   Number         0  dht11.o ABSOLUTE
    ..\\BSP\\RC522.c                         0x00000000   Number         0  rc522.o ABSOLUTE
    ..\\BSP\\ds18b20.c                       0x00000000   Number         0  ds18b20.o ABSOLUTE
    ..\\BSP\\oled.c                          0x00000000   Number         0  oled.o ABSOLUTE
    dc.s                                     0x00000000   Number         0  dc.o ABSOLUTE
    startup_stm32f103xb.s                    0x00000000   Number         0  startup_stm32f103xb.o ABSOLUTE
    RESET                                    0x08000000   Section      236  startup_stm32f103xb.o(RESET)
    !!!main                                  0x080000ec   Section        8  __main.o(!!!main)
    !!!scatter                               0x080000f4   Section       52  __scatter.o(!!!scatter)
    !!handler_copy                           0x08000128   Section       26  __scatter_copy.o(!!handler_copy)
    !!handler_zi                             0x08000144   Section       28  __scatter_zi.o(!!handler_zi)
    .ARM.Collect$$_printf_percent$$00000000  0x08000160   Section        0  _printf_percent.o(.ARM.Collect$$_printf_percent$$00000000)
    .ARM.Collect$$_printf_percent$$00000003  0x08000160   Section        6  _printf_f.o(.ARM.Collect$$_printf_percent$$00000003)
    .ARM.Collect$$_printf_percent$$00000009  0x08000166   Section        6  _printf_d.o(.ARM.Collect$$_printf_percent$$00000009)
    .ARM.Collect$$_printf_percent$$00000017  0x0800016c   Section        4  _printf_percent_end.o(.ARM.Collect$$_printf_percent$$00000017)
    .ARM.Collect$$libinit$$00000000          0x08000170   Section        2  libinit.o(.ARM.Collect$$libinit$$00000000)
    .ARM.Collect$$libinit$$00000002          0x08000172   Section        0  libinit2.o(.ARM.Collect$$libinit$$00000002)
    .ARM.Collect$$libinit$$00000004          0x08000172   Section        0  libinit2.o(.ARM.Collect$$libinit$$00000004)
    .ARM.Collect$$libinit$$0000000A          0x08000172   Section        0  libinit2.o(.ARM.Collect$$libinit$$0000000A)
    .ARM.Collect$$libinit$$0000000C          0x08000172   Section        0  libinit2.o(.ARM.Collect$$libinit$$0000000C)
    .ARM.Collect$$libinit$$0000000E          0x08000172   Section        0  libinit2.o(.ARM.Collect$$libinit$$0000000E)
    .ARM.Collect$$libinit$$0000000F          0x08000172   Section        6  libinit2.o(.ARM.Collect$$libinit$$0000000F)
    .ARM.Collect$$libinit$$00000011          0x08000178   Section        0  libinit2.o(.ARM.Collect$$libinit$$00000011)
    .ARM.Collect$$libinit$$00000013          0x08000178   Section        0  libinit2.o(.ARM.Collect$$libinit$$00000013)
    .ARM.Collect$$libinit$$00000015          0x08000178   Section        0  libinit2.o(.ARM.Collect$$libinit$$00000015)
    .ARM.Collect$$libinit$$00000016          0x08000178   Section       10  libinit2.o(.ARM.Collect$$libinit$$00000016)
    .ARM.Collect$$libinit$$00000017          0x08000182   Section        0  libinit2.o(.ARM.Collect$$libinit$$00000017)
    .ARM.Collect$$libinit$$00000019          0x08000182   Section        0  libinit2.o(.ARM.Collect$$libinit$$00000019)
    .ARM.Collect$$libinit$$0000001B          0x08000182   Section        0  libinit2.o(.ARM.Collect$$libinit$$0000001B)
    .ARM.Collect$$libinit$$0000001D          0x08000182   Section        0  libinit2.o(.ARM.Collect$$libinit$$0000001D)
    .ARM.Collect$$libinit$$0000001F          0x08000182   Section        0  libinit2.o(.ARM.Collect$$libinit$$0000001F)
    .ARM.Collect$$libinit$$00000021          0x08000182   Section        0  libinit2.o(.ARM.Collect$$libinit$$00000021)
    .ARM.Collect$$libinit$$00000023          0x08000182   Section        0  libinit2.o(.ARM.Collect$$libinit$$00000023)
    .ARM.Collect$$libinit$$00000025          0x08000182   Section        0  libinit2.o(.ARM.Collect$$libinit$$00000025)
    .ARM.Collect$$libinit$$0000002C          0x08000182   Section        0  libinit2.o(.ARM.Collect$$libinit$$0000002C)
    .ARM.Collect$$libinit$$0000002E          0x08000182   Section        0  libinit2.o(.ARM.Collect$$libinit$$0000002E)
    .ARM.Collect$$libinit$$00000030          0x08000182   Section        0  libinit2.o(.ARM.Collect$$libinit$$00000030)
    .ARM.Collect$$libinit$$00000032          0x08000182   Section        0  libinit2.o(.ARM.Collect$$libinit$$00000032)
    .ARM.Collect$$libinit$$00000033          0x08000182   Section        2  libinit2.o(.ARM.Collect$$libinit$$00000033)
    .ARM.Collect$$libshutdown$$00000000      0x08000184   Section        2  libshutdown.o(.ARM.Collect$$libshutdown$$00000000)
    .ARM.Collect$$libshutdown$$00000002      0x08000186   Section        0  libshutdown2.o(.ARM.Collect$$libshutdown$$00000002)
    .ARM.Collect$$libshutdown$$00000004      0x08000186   Section        0  libshutdown2.o(.ARM.Collect$$libshutdown$$00000004)
    .ARM.Collect$$libshutdown$$00000007      0x08000186   Section        0  libshutdown2.o(.ARM.Collect$$libshutdown$$00000007)
    .ARM.Collect$$libshutdown$$0000000A      0x08000186   Section        0  libshutdown2.o(.ARM.Collect$$libshutdown$$0000000A)
    .ARM.Collect$$libshutdown$$0000000C      0x08000186   Section        0  libshutdown2.o(.ARM.Collect$$libshutdown$$0000000C)
    .ARM.Collect$$libshutdown$$0000000F      0x08000186   Section        0  libshutdown2.o(.ARM.Collect$$libshutdown$$0000000F)
    .ARM.Collect$$libshutdown$$00000010      0x08000186   Section        2  libshutdown2.o(.ARM.Collect$$libshutdown$$00000010)
    .ARM.Collect$$rtentry$$00000000          0x08000188   Section        0  __rtentry.o(.ARM.Collect$$rtentry$$00000000)
    .ARM.Collect$$rtentry$$00000002          0x08000188   Section        0  __rtentry2.o(.ARM.Collect$$rtentry$$00000002)
    .ARM.Collect$$rtentry$$00000004          0x08000188   Section        6  __rtentry4.o(.ARM.Collect$$rtentry$$00000004)
    .ARM.Collect$$rtentry$$00000009          0x0800018e   Section        0  __rtentry2.o(.ARM.Collect$$rtentry$$00000009)
    .ARM.Collect$$rtentry$$0000000A          0x0800018e   Section        4  __rtentry2.o(.ARM.Collect$$rtentry$$0000000A)
    .ARM.Collect$$rtentry$$0000000C          0x08000192   Section        0  __rtentry2.o(.ARM.Collect$$rtentry$$0000000C)
    .ARM.Collect$$rtentry$$0000000D          0x08000192   Section        8  __rtentry2.o(.ARM.Collect$$rtentry$$0000000D)
    .ARM.Collect$$rtexit$$00000000           0x0800019a   Section        2  rtexit.o(.ARM.Collect$$rtexit$$00000000)
    .ARM.Collect$$rtexit$$00000002           0x0800019c   Section        0  rtexit2.o(.ARM.Collect$$rtexit$$00000002)
    .ARM.Collect$$rtexit$$00000003           0x0800019c   Section        4  rtexit2.o(.ARM.Collect$$rtexit$$00000003)
    .ARM.Collect$$rtexit$$00000004           0x080001a0   Section        6  rtexit2.o(.ARM.Collect$$rtexit$$00000004)
    .text                                    0x080001a8   Section       64  startup_stm32f103xb.o(.text)
    .text                                    0x080001e8   Section        0  noretval__2sprintf.o(.text)
    .text                                    0x08000210   Section        0  _printf_dec.o(.text)
    .text                                    0x08000288   Section        0  __printf_wp.o(.text)
    .text                                    0x08000396   Section       78  rt_memclr_w.o(.text)
    .text                                    0x080003e4   Section        0  heapauxi.o(.text)
    .text                                    0x080003ea   Section        0  _printf_intcommon.o(.text)
    .text                                    0x0800049c   Section        0  _printf_fp_dec.o(.text)
    _fp_digits                               0x0800049f   Thumb Code   432  _printf_fp_dec.o(.text)
    .text                                    0x080008bc   Section        0  _printf_char_common.o(.text)
    _printf_input_char                       0x080008bd   Thumb Code    10  _printf_char_common.o(.text)
    .text                                    0x080008ec   Section        0  _sputc.o(.text)
    .text                                    0x080008f8   Section        8  rt_locale_intlibspace.o(.text)
    .text                                    0x08000900   Section      138  lludiv10.o(.text)
    .text                                    0x0800098c   Section        0  _printf_fp_infnan.o(.text)
    .text                                    0x08000a0c   Section        0  bigflt0.o(.text)
    .text                                    0x08000af0   Section        8  libspace.o(.text)
    .text                                    0x08000af8   Section       74  sys_stackheap_outer.o(.text)
    .text                                    0x08000b42   Section        0  exit.o(.text)
    .text                                    0x08000b54   Section      128  strcmpv7m.o(.text)
    .text                                    0x08000bd4   Section        0  sys_exit.o(.text)
    .text                                    0x08000be0   Section        2  use_no_semi.o(.text)
    .text                                    0x08000be2   Section        0  indicate_semi.o(.text)
    CL$$btod_d2e                             0x08000be2   Section       62  btod.o(CL$$btod_d2e)
    CL$$btod_d2e_denorm_low                  0x08000c20   Section       70  btod.o(CL$$btod_d2e_denorm_low)
    CL$$btod_d2e_norm_op1                    0x08000c66   Section       96  btod.o(CL$$btod_d2e_norm_op1)
    CL$$btod_div_common                      0x08000cc6   Section      824  btod.o(CL$$btod_div_common)
    CL$$btod_e2e                             0x08000ffe   Section      220  btod.o(CL$$btod_e2e)
    CL$$btod_ediv                            0x080010da   Section       42  btod.o(CL$$btod_ediv)
    CL$$btod_emul                            0x08001104   Section       42  btod.o(CL$$btod_emul)
    CL$$btod_mult_common                     0x0800112e   Section      580  btod.o(CL$$btod_mult_common)
    i.BusFault_Handler                       0x08001372   Section        0  stm32f1xx_it.o(i.BusFault_Handler)
    i.Check_DS                               0x08001374   Section        0  ds18b20.o(i.Check_DS)
    i.Coarse_delay_us                        0x080013d0   Section        0  dht11.o(i.Coarse_delay_us)
    i.DHT11_Check                            0x080013ec   Section        0  dht11.o(i.DHT11_Check)
    i.DHT11_GPIO_MODE_SET                    0x0800140c   Section        0  dht11.o(i.DHT11_GPIO_MODE_SET)
    DHT11_GPIO_MODE_SET                      0x0800140d   Thumb Code    42  dht11.o(i.DHT11_GPIO_MODE_SET)
    i.DHT11_READ_BIT                         0x0800143c   Section        0  dht11.o(i.DHT11_READ_BIT)
    i.DHT11_READ_BYTE                        0x08001478   Section        0  dht11.o(i.DHT11_READ_BYTE)
    i.DHT11_READ_DATA                        0x08001498   Section        0  dht11.o(i.DHT11_READ_DATA)
    i.DHT11_START                            0x0800154c   Section        0  dht11.o(i.DHT11_START)
    i.DS_Init                                0x08001574   Section        0  ds18b20.o(i.DS_Init)
    i.DS_Read_Byte                           0x08001584   Section        0  ds18b20.o(i.DS_Read_Byte)
    DS_Read_Byte                             0x08001585   Thumb Code    86  ds18b20.o(i.DS_Read_Byte)
    i.DS_Reset                               0x080015e0   Section        0  ds18b20.o(i.DS_Reset)
    i.DS_Write_Byte                          0x08001618   Section        0  ds18b20.o(i.DS_Write_Byte)
    DS_Write_Byte                            0x08001619   Thumb Code    90  ds18b20.o(i.DS_Write_Byte)
    i.DebugMon_Handler                       0x08001678   Section        0  stm32f1xx_it.o(i.DebugMon_Handler)
    i.Error_Handler                          0x0800167a   Section        0  main.o(i.Error_Handler)
    i.Get_DS_Temperature                     0x0800167e   Section        0  ds18b20.o(i.Get_DS_Temperature)
    i.HAL_DMA_Abort_IT                       0x080016e0   Section        0  stm32f1xx_hal_dma.o(i.HAL_DMA_Abort_IT)
    i.HAL_Delay                              0x08001778   Section        0  stm32f1xx_hal.o(i.HAL_Delay)
    i.HAL_GPIO_Init                          0x0800179c   Section        0  stm32f1xx_hal_gpio.o(i.HAL_GPIO_Init)
    i.HAL_GPIO_ReadPin                       0x0800197c   Section        0  stm32f1xx_hal_gpio.o(i.HAL_GPIO_ReadPin)
    i.HAL_GPIO_WritePin                      0x08001986   Section        0  stm32f1xx_hal_gpio.o(i.HAL_GPIO_WritePin)
    i.HAL_GetTick                            0x08001990   Section        0  stm32f1xx_hal.o(i.HAL_GetTick)
    i.HAL_IncTick                            0x0800199c   Section        0  stm32f1xx_hal.o(i.HAL_IncTick)
    i.HAL_Init                               0x080019ac   Section        0  stm32f1xx_hal.o(i.HAL_Init)
    i.HAL_InitTick                           0x080019d0   Section        0  stm32f1xx_hal.o(i.HAL_InitTick)
    i.HAL_MspInit                            0x08001a10   Section        0  stm32f1xx_hal_msp.o(i.HAL_MspInit)
    i.HAL_NVIC_EnableIRQ                     0x08001a4c   Section        0  stm32f1xx_hal_cortex.o(i.HAL_NVIC_EnableIRQ)
    i.HAL_NVIC_SetPriority                   0x08001a68   Section        0  stm32f1xx_hal_cortex.o(i.HAL_NVIC_SetPriority)
    i.HAL_NVIC_SetPriorityGrouping           0x08001aa8   Section        0  stm32f1xx_hal_cortex.o(i.HAL_NVIC_SetPriorityGrouping)
    i.HAL_RCC_ClockConfig                    0x08001acc   Section        0  stm32f1xx_hal_rcc.o(i.HAL_RCC_ClockConfig)
    i.HAL_RCC_GetHCLKFreq                    0x08001bf8   Section        0  stm32f1xx_hal_rcc.o(i.HAL_RCC_GetHCLKFreq)
    i.HAL_RCC_GetSysClockFreq                0x08001c04   Section        0  stm32f1xx_hal_rcc.o(i.HAL_RCC_GetSysClockFreq)
    i.HAL_RCC_OscConfig                      0x08001c50   Section        0  stm32f1xx_hal_rcc.o(i.HAL_RCC_OscConfig)
    i.HAL_SPI_ErrorCallback                  0x08001f70   Section        0  stm32f1xx_hal_spi.o(i.HAL_SPI_ErrorCallback)
    i.HAL_SPI_IRQHandler                     0x08001f74   Section        0  stm32f1xx_hal_spi.o(i.HAL_SPI_IRQHandler)
    i.HAL_SPI_Init                           0x08002054   Section        0  stm32f1xx_hal_spi.o(i.HAL_SPI_Init)
    i.HAL_SPI_MspInit                        0x08002108   Section        0  spi.o(i.HAL_SPI_MspInit)
    i.HAL_SPI_TransmitReceive                0x08002198   Section        0  stm32f1xx_hal_spi.o(i.HAL_SPI_TransmitReceive)
    i.HAL_SYSTICK_Config                     0x08002388   Section        0  stm32f1xx_hal_cortex.o(i.HAL_SYSTICK_Config)
    i.HardFault_Handler                      0x080023b0   Section        0  stm32f1xx_it.o(i.HardFault_Handler)
    i.MFRC_ClrBitMask                        0x080023b2   Section        0  rc522.o(i.MFRC_ClrBitMask)
    i.MFRC_ReadReg                           0x080023cc   Section        0  rc522.o(i.MFRC_ReadReg)
    i.MFRC_SetBitMask                        0x08002404   Section        0  rc522.o(i.MFRC_SetBitMask)
    i.MFRC_WriteReg                          0x0800241c   Section        0  rc522.o(i.MFRC_WriteReg)
    i.MX_GPIO_Init                           0x08002450   Section        0  gpio.o(i.MX_GPIO_Init)
    i.MX_SPI1_Init                           0x0800250c   Section        0  spi.o(i.MX_SPI1_Init)
    i.MemManage_Handler                      0x08002554   Section        0  stm32f1xx_it.o(i.MemManage_Handler)
    i.NMI_Handler                            0x08002556   Section        0  stm32f1xx_it.o(i.NMI_Handler)
    i.OLED_Clear                             0x08002558   Section        0  oled.o(i.OLED_Clear)
    i.OLED_ColorTurn                         0x08002584   Section        0  oled.o(i.OLED_ColorTurn)
    i.OLED_DisplayTurn                       0x0800259c   Section        0  oled.o(i.OLED_DisplayTurn)
    i.OLED_DrawPoint                         0x080025c8   Section        0  oled.o(i.OLED_DrawPoint)
    i.OLED_Init                              0x080025f4   Section        0  oled.o(i.OLED_Init)
    i.OLED_Refresh                           0x08002700   Section        0  oled.o(i.OLED_Refresh)
    i.OLED_ShowChar                          0x0800274c   Section        0  oled.o(i.OLED_ShowChar)
    i.OLED_ShowString                        0x08002830   Section        0  oled.o(i.OLED_ShowString)
    i.OLED_WR_Byte                           0x0800286c   Section        0  oled.o(i.OLED_WR_Byte)
    i.PCD_AntennaOff                         0x080028dc   Section        0  rc522.o(i.PCD_AntennaOff)
    i.PCD_AntennaOn                          0x080028e4   Section        0  rc522.o(i.PCD_AntennaOn)
    i.PCD_Reset                              0x08002900   Section        0  rc522.o(i.PCD_Reset)
    i.PendSV_Handler                         0x08002988   Section        0  stm32f1xx_it.o(i.PendSV_Handler)
    i.SPI1_IRQHandler                        0x0800298c   Section        0  stm32f1xx_it.o(i.SPI1_IRQHandler)
    i.SPI1_RW_Byte                           0x08002998   Section        0  rc522.o(i.SPI1_RW_Byte)
    i.SPI_DMAAbortOnError                    0x080029b8   Section        0  stm32f1xx_hal_spi.o(i.SPI_DMAAbortOnError)
    SPI_DMAAbortOnError                      0x080029b9   Thumb Code    16  stm32f1xx_hal_spi.o(i.SPI_DMAAbortOnError)
    i.SPI_EndRxTxTransaction                 0x080029c8   Section        0  stm32f1xx_hal_spi.o(i.SPI_EndRxTxTransaction)
    SPI_EndRxTxTransaction                   0x080029c9   Thumb Code    52  stm32f1xx_hal_spi.o(i.SPI_EndRxTxTransaction)
    i.SPI_WaitFlagStateUntilTimeout          0x080029fc   Section        0  stm32f1xx_hal_spi.o(i.SPI_WaitFlagStateUntilTimeout)
    SPI_WaitFlagStateUntilTimeout            0x080029fd   Thumb Code   180  stm32f1xx_hal_spi.o(i.SPI_WaitFlagStateUntilTimeout)
    i.SVC_Handler                            0x08002ab4   Section        0  stm32f1xx_it.o(i.SVC_Handler)
    i.Set_DS_Pin_In                          0x08002ab8   Section        0  ds18b20.o(i.Set_DS_Pin_In)
    Set_DS_Pin_In                            0x08002ab9   Thumb Code    50  ds18b20.o(i.Set_DS_Pin_In)
    i.Set_DS_Pin_Out                         0x08002af4   Section        0  ds18b20.o(i.Set_DS_Pin_Out)
    Set_DS_Pin_Out                           0x08002af5   Thumb Code    50  ds18b20.o(i.Set_DS_Pin_Out)
    i.SysTick_Handler                        0x08002b30   Section        0  stm32f1xx_it.o(i.SysTick_Handler)
    i.SystemClock_Config                     0x08002b34   Section        0  main.o(i.SystemClock_Config)
    i.SystemInit                             0x08002b92   Section        0  system_stm32f1xx.o(i.SystemInit)
    i.UsageFault_Handler                     0x08002b94   Section        0  stm32f1xx_it.o(i.UsageFault_Handler)
    i.__ARM_fpclassify                       0x08002b96   Section        0  fpclassify.o(i.__ARM_fpclassify)
    i.__NVIC_SetPriority                     0x08002bbe   Section        0  stm32f1xx_hal_cortex.o(i.__NVIC_SetPriority)
    __NVIC_SetPriority                       0x08002bbf   Thumb Code    32  stm32f1xx_hal_cortex.o(i.__NVIC_SetPriority)
    i._is_digit                              0x08002bde   Section        0  __printf_wp.o(i._is_digit)
    i.delay_us                               0x08002bec   Section        0  ds18b20.o(i.delay_us)
    i.main                                   0x08002c38   Section        0  main.o(i.main)
    i.oled_showFnum                          0x08002c8c   Section        0  oled.o(i.oled_showFnum)
    locale$$code                             0x08002cd0   Section       44  lc_numeric_c.o(locale$$code)
    x$fpl$d2f                                0x08002cfc   Section       98  d2f.o(x$fpl$d2f)
    x$fpl$dcheck1                            0x08002d60   Section       16  dcheck1.o(x$fpl$dcheck1)
    x$fpl$dflt                               0x08002d70   Section       46  dflt_clz.o(x$fpl$dflt)
    x$fpl$dnaninf                            0x08002d9e   Section      156  dnaninf.o(x$fpl$dnaninf)
    x$fpl$dretinf                            0x08002e3a   Section       12  dretinf.o(x$fpl$dretinf)
    x$fpl$f2d                                0x08002e48   Section       86  f2d.o(x$fpl$f2d)
    x$fpl$fnaninf                            0x08002e9e   Section      140  fnaninf.o(x$fpl$fnaninf)
    x$fpl$fretinf                            0x08002f2a   Section       10  fretinf.o(x$fpl$fretinf)
    x$fpl$printf1                            0x08002f34   Section        4  printf1.o(x$fpl$printf1)
    x$fpl$retnan                             0x08002f38   Section      100  retnan.o(x$fpl$retnan)
    x$fpl$scalbn                             0x08002f9c   Section       92  scalbn.o(x$fpl$scalbn)
    x$fpl$trapveneer                         0x08002ff8   Section       48  trapv.o(x$fpl$trapveneer)
    .constdata                               0x08003028   Section       18  stm32f1xx_hal_rcc.o(.constdata)
    x$fpl$usenofp                            0x08003028   Section        0  usenofp.o(x$fpl$usenofp)
    aPredivFactorTable                       0x08003028   Data           2  stm32f1xx_hal_rcc.o(.constdata)
    aPLLMULFactorTable                       0x0800302a   Data          16  stm32f1xx_hal_rcc.o(.constdata)
    .constdata                               0x0800303a   Section       16  system_stm32f1xx.o(.constdata)
    .constdata                               0x0800304a   Section     7696  oled.o(.constdata)
    .constdata                               0x08004e5c   Section      148  bigflt0.o(.constdata)
    tenpwrs_x                                0x08004e5c   Data          60  bigflt0.o(.constdata)
    tenpwrs_i                                0x08004e98   Data          64  bigflt0.o(.constdata)
    locale$$data                             0x08004f10   Section       28  lc_numeric_c.o(locale$$data)
    __lcnum_c_name                           0x08004f14   Data           2  lc_numeric_c.o(locale$$data)
    __lcnum_c_start                          0x08004f1c   Data           0  lc_numeric_c.o(locale$$data)
    __lcnum_c_point                          0x08004f28   Data           0  lc_numeric_c.o(locale$$data)
    __lcnum_c_thousands                      0x08004f2a   Data           0  lc_numeric_c.o(locale$$data)
    __lcnum_c_grouping                       0x08004f2b   Data           0  lc_numeric_c.o(locale$$data)
    __lcnum_c_end                            0x08004f2c   Data           0  lc_numeric_c.o(locale$$data)
    .data                                    0x20000000   Section       12  stm32f1xx_hal.o(.data)
    .data                                    0x2000000c   Section        4  system_stm32f1xx.o(.data)
    .bss                                     0x20000010   Section       88  spi.o(.bss)
    .bss                                     0x20000068   Section     1152  oled.o(.bss)
    .bss                                     0x200004e8   Section       96  libspace.o(.bss)
    HEAP                                     0x20000548   Section      512  startup_stm32f103xb.o(HEAP)
    Heap_Mem                                 0x20000548   Data         512  startup_stm32f103xb.o(HEAP)
    STACK                                    0x20000748   Section     1024  startup_stm32f103xb.o(STACK)
    Stack_Mem                                0x20000748   Data        1024  startup_stm32f103xb.o(STACK)
    __initial_sp                             0x20000b48   Data           0  startup_stm32f103xb.o(STACK)

    Global Symbols

    Symbol Name                              Value     Ov Type        Size  Object(Section)

    BuildAttributes$$THM_ISAv4$P$D$K$B$S$PE$A:L22UL41UL21$X:L11$S22US41US21$IEEE1$IW$USESV6$~STKCKD$USESV7$~SHL$OTIME$ROPI$IEEEJ$EBA8$UX$STANDARDLIB$REQ8$PRES8$EABIv2 0x00000000   Number         0  anon$$obj.o ABSOLUTE
    __ARM_use_no_argv                        0x00000000   Number         0  main.o ABSOLUTE
    _printf_flags                            0x00000000   Number         0  printf_stubs.o ABSOLUTE
    _printf_return_value                     0x00000000   Number         0  printf_stubs.o ABSOLUTE
    _printf_sizespec                         0x00000000   Number         0  printf_stubs.o ABSOLUTE
    _printf_widthprec                        0x00000000   Number         0  printf_stubs.o ABSOLUTE
    __ARM_exceptions_init                     - Undefined Weak Reference
    __alloca_initialize                       - Undefined Weak Reference
    __arm_preinit_                            - Undefined Weak Reference
    __cpp_initialize__aeabi_                  - Undefined Weak Reference
    __cxa_finalize                            - Undefined Weak Reference
    __sigvec_lookup                           - Undefined Weak Reference
    _atexit_init                              - Undefined Weak Reference
    _call_atexit_fns                          - Undefined Weak Reference
    _clock_init                               - Undefined Weak Reference
    _fp_trap_init                             - Undefined Weak Reference
    _fp_trap_shutdown                         - Undefined Weak Reference
    _get_lc_collate                           - Undefined Weak Reference
    _get_lc_ctype                             - Undefined Weak Reference
    _get_lc_monetary                          - Undefined Weak Reference
    _get_lc_time                              - Undefined Weak Reference
    _getenv_init                              - Undefined Weak Reference
    _handle_redirection                       - Undefined Weak Reference
    _init_alloc                               - Undefined Weak Reference
    _init_user_alloc                          - Undefined Weak Reference
    _initio                                   - Undefined Weak Reference
    _printf_post_padding                      - Undefined Weak Reference
    _printf_pre_padding                       - Undefined Weak Reference
    _printf_truncate_signed                   - Undefined Weak Reference
    _printf_truncate_unsigned                 - Undefined Weak Reference
    _rand_init                                - Undefined Weak Reference
    _signal_finish                            - Undefined Weak Reference
    _signal_init                              - Undefined Weak Reference
    _terminate_alloc                          - Undefined Weak Reference
    _terminate_user_alloc                     - Undefined Weak Reference
    _terminateio                              - Undefined Weak Reference
    __Vectors_Size                           0x000000ec   Number         0  startup_stm32f103xb.o ABSOLUTE
    __Vectors                                0x08000000   Data           4  startup_stm32f103xb.o(RESET)
    __Vectors_End                            0x080000ec   Data           0  startup_stm32f103xb.o(RESET)
    __main                                   0x080000ed   Thumb Code     8  __main.o(!!!main)
    __scatterload                            0x080000f5   Thumb Code     0  __scatter.o(!!!scatter)
    __scatterload_rt2                        0x080000f5   Thumb Code    44  __scatter.o(!!!scatter)
    __scatterload_rt2_thumb_only             0x080000f5   Thumb Code     0  __scatter.o(!!!scatter)
    __scatterload_null                       0x08000103   Thumb Code     0  __scatter.o(!!!scatter)
    __scatterload_copy                       0x08000129   Thumb Code    26  __scatter_copy.o(!!handler_copy)
    __scatterload_zeroinit                   0x08000145   Thumb Code    28  __scatter_zi.o(!!handler_zi)
    _printf_f                                0x08000161   Thumb Code     0  _printf_f.o(.ARM.Collect$$_printf_percent$$00000003)
    _printf_percent                          0x08000161   Thumb Code     0  _printf_percent.o(.ARM.Collect$$_printf_percent$$00000000)
    _printf_d                                0x08000167   Thumb Code     0  _printf_d.o(.ARM.Collect$$_printf_percent$$00000009)
    _printf_percent_end                      0x0800016d   Thumb Code     0  _printf_percent_end.o(.ARM.Collect$$_printf_percent$$00000017)
    __rt_lib_init                            0x08000171   Thumb Code     0  libinit.o(.ARM.Collect$$libinit$$00000000)
    __rt_lib_init_fp_1                       0x08000173   Thumb Code     0  libinit2.o(.ARM.Collect$$libinit$$00000002)
    __rt_lib_init_heap_1                     0x08000173   Thumb Code     0  libinit2.o(.ARM.Collect$$libinit$$0000000A)
    __rt_lib_init_lc_common                  0x08000173   Thumb Code     0  libinit2.o(.ARM.Collect$$libinit$$0000000F)
    __rt_lib_init_preinit_1                  0x08000173   Thumb Code     0  libinit2.o(.ARM.Collect$$libinit$$00000004)
    __rt_lib_init_rand_1                     0x08000173   Thumb Code     0  libinit2.o(.ARM.Collect$$libinit$$0000000E)
    __rt_lib_init_user_alloc_1               0x08000173   Thumb Code     0  libinit2.o(.ARM.Collect$$libinit$$0000000C)
    __rt_lib_init_lc_collate_1               0x08000179   Thumb Code     0  libinit2.o(.ARM.Collect$$libinit$$00000011)
    __rt_lib_init_lc_ctype_1                 0x08000179   Thumb Code     0  libinit2.o(.ARM.Collect$$libinit$$00000013)
    __rt_lib_init_lc_monetary_1              0x08000179   Thumb Code     0  libinit2.o(.ARM.Collect$$libinit$$00000015)
    __rt_lib_init_lc_numeric_2               0x08000179   Thumb Code     0  libinit2.o(.ARM.Collect$$libinit$$00000016)
    __rt_lib_init_alloca_1                   0x08000183   Thumb Code     0  libinit2.o(.ARM.Collect$$libinit$$0000002E)
    __rt_lib_init_argv_1                     0x08000183   Thumb Code     0  libinit2.o(.ARM.Collect$$libinit$$0000002C)
    __rt_lib_init_atexit_1                   0x08000183   Thumb Code     0  libinit2.o(.ARM.Collect$$libinit$$0000001B)
    __rt_lib_init_clock_1                    0x08000183   Thumb Code     0  libinit2.o(.ARM.Collect$$libinit$$00000021)
    __rt_lib_init_cpp_1                      0x08000183   Thumb Code     0  libinit2.o(.ARM.Collect$$libinit$$00000032)
    __rt_lib_init_exceptions_1               0x08000183   Thumb Code     0  libinit2.o(.ARM.Collect$$libinit$$00000030)
    __rt_lib_init_fp_trap_1                  0x08000183   Thumb Code     0  libinit2.o(.ARM.Collect$$libinit$$0000001F)
    __rt_lib_init_getenv_1                   0x08000183   Thumb Code     0  libinit2.o(.ARM.Collect$$libinit$$00000023)
    __rt_lib_init_lc_numeric_1               0x08000183   Thumb Code     0  libinit2.o(.ARM.Collect$$libinit$$00000017)
    __rt_lib_init_lc_time_1                  0x08000183   Thumb Code     0  libinit2.o(.ARM.Collect$$libinit$$00000019)
    __rt_lib_init_return                     0x08000183   Thumb Code     0  libinit2.o(.ARM.Collect$$libinit$$00000033)
    __rt_lib_init_signal_1                   0x08000183   Thumb Code     0  libinit2.o(.ARM.Collect$$libinit$$0000001D)
    __rt_lib_init_stdio_1                    0x08000183   Thumb Code     0  libinit2.o(.ARM.Collect$$libinit$$00000025)
    __rt_lib_shutdown                        0x08000185   Thumb Code     0  libshutdown.o(.ARM.Collect$$libshutdown$$00000000)
    __rt_lib_shutdown_cpp_1                  0x08000187   Thumb Code     0  libshutdown2.o(.ARM.Collect$$libshutdown$$00000002)
    __rt_lib_shutdown_fp_trap_1              0x08000187   Thumb Code     0  libshutdown2.o(.ARM.Collect$$libshutdown$$00000007)
    __rt_lib_shutdown_heap_1                 0x08000187   Thumb Code     0  libshutdown2.o(.ARM.Collect$$libshutdown$$0000000F)
    __rt_lib_shutdown_return                 0x08000187   Thumb Code     0  libshutdown2.o(.ARM.Collect$$libshutdown$$00000010)
    __rt_lib_shutdown_signal_1               0x08000187   Thumb Code     0  libshutdown2.o(.ARM.Collect$$libshutdown$$0000000A)
    __rt_lib_shutdown_stdio_1                0x08000187   Thumb Code     0  libshutdown2.o(.ARM.Collect$$libshutdown$$00000004)
    __rt_lib_shutdown_user_alloc_1           0x08000187   Thumb Code     0  libshutdown2.o(.ARM.Collect$$libshutdown$$0000000C)
    __rt_entry                               0x08000189   Thumb Code     0  __rtentry.o(.ARM.Collect$$rtentry$$00000000)
    __rt_entry_presh_1                       0x08000189   Thumb Code     0  __rtentry2.o(.ARM.Collect$$rtentry$$00000002)
    __rt_entry_sh                            0x08000189   Thumb Code     0  __rtentry4.o(.ARM.Collect$$rtentry$$00000004)
    __rt_entry_li                            0x0800018f   Thumb Code     0  __rtentry2.o(.ARM.Collect$$rtentry$$0000000A)
    __rt_entry_postsh_1                      0x0800018f   Thumb Code     0  __rtentry2.o(.ARM.Collect$$rtentry$$00000009)
    __rt_entry_main                          0x08000193   Thumb Code     0  __rtentry2.o(.ARM.Collect$$rtentry$$0000000D)
    __rt_entry_postli_1                      0x08000193   Thumb Code     0  __rtentry2.o(.ARM.Collect$$rtentry$$0000000C)
    __rt_exit                                0x0800019b   Thumb Code     0  rtexit.o(.ARM.Collect$$rtexit$$00000000)
    __rt_exit_ls                             0x0800019d   Thumb Code     0  rtexit2.o(.ARM.Collect$$rtexit$$00000003)
    __rt_exit_prels_1                        0x0800019d   Thumb Code     0  rtexit2.o(.ARM.Collect$$rtexit$$00000002)
    __rt_exit_exit                           0x080001a1   Thumb Code     0  rtexit2.o(.ARM.Collect$$rtexit$$00000004)
    Reset_Handler                            0x080001a9   Thumb Code     8  startup_stm32f103xb.o(.text)
    ADC1_2_IRQHandler                        0x080001c3   Thumb Code     0  startup_stm32f103xb.o(.text)
    CAN1_RX1_IRQHandler                      0x080001c3   Thumb Code     0  startup_stm32f103xb.o(.text)
    CAN1_SCE_IRQHandler                      0x080001c3   Thumb Code     0  startup_stm32f103xb.o(.text)
    DMA1_Channel1_IRQHandler                 0x080001c3   Thumb Code     0  startup_stm32f103xb.o(.text)
    DMA1_Channel2_IRQHandler                 0x080001c3   Thumb Code     0  startup_stm32f103xb.o(.text)
    DMA1_Channel3_IRQHandler                 0x080001c3   Thumb Code     0  startup_stm32f103xb.o(.text)
    DMA1_Channel4_IRQHandler                 0x080001c3   Thumb Code     0  startup_stm32f103xb.o(.text)
    DMA1_Channel5_IRQHandler                 0x080001c3   Thumb Code     0  startup_stm32f103xb.o(.text)
    DMA1_Channel6_IRQHandler                 0x080001c3   Thumb Code     0  startup_stm32f103xb.o(.text)
    DMA1_Channel7_IRQHandler                 0x080001c3   Thumb Code     0  startup_stm32f103xb.o(.text)
    EXTI0_IRQHandler                         0x080001c3   Thumb Code     0  startup_stm32f103xb.o(.text)
    EXTI15_10_IRQHandler                     0x080001c3   Thumb Code     0  startup_stm32f103xb.o(.text)
    EXTI1_IRQHandler                         0x080001c3   Thumb Code     0  startup_stm32f103xb.o(.text)
    EXTI2_IRQHandler                         0x080001c3   Thumb Code     0  startup_stm32f103xb.o(.text)
    EXTI3_IRQHandler                         0x080001c3   Thumb Code     0  startup_stm32f103xb.o(.text)
    EXTI4_IRQHandler                         0x080001c3   Thumb Code     0  startup_stm32f103xb.o(.text)
    EXTI9_5_IRQHandler                       0x080001c3   Thumb Code     0  startup_stm32f103xb.o(.text)
    FLASH_IRQHandler                         0x080001c3   Thumb Code     0  startup_stm32f103xb.o(.text)
    I2C1_ER_IRQHandler                       0x080001c3   Thumb Code     0  startup_stm32f103xb.o(.text)
    I2C1_EV_IRQHandler                       0x080001c3   Thumb Code     0  startup_stm32f103xb.o(.text)
    I2C2_ER_IRQHandler                       0x080001c3   Thumb Code     0  startup_stm32f103xb.o(.text)
    I2C2_EV_IRQHandler                       0x080001c3   Thumb Code     0  startup_stm32f103xb.o(.text)
    PVD_IRQHandler                           0x080001c3   Thumb Code     0  startup_stm32f103xb.o(.text)
    RCC_IRQHandler                           0x080001c3   Thumb Code     0  startup_stm32f103xb.o(.text)
    RTC_Alarm_IRQHandler                     0x080001c3   Thumb Code     0  startup_stm32f103xb.o(.text)
    RTC_IRQHandler                           0x080001c3   Thumb Code     0  startup_stm32f103xb.o(.text)
    SPI2_IRQHandler                          0x080001c3   Thumb Code     0  startup_stm32f103xb.o(.text)
    TAMPER_IRQHandler                        0x080001c3   Thumb Code     0  startup_stm32f103xb.o(.text)
    TIM1_BRK_IRQHandler                      0x080001c3   Thumb Code     0  startup_stm32f103xb.o(.text)
    TIM1_CC_IRQHandler                       0x080001c3   Thumb Code     0  startup_stm32f103xb.o(.text)
    TIM1_TRG_COM_IRQHandler                  0x080001c3   Thumb Code     0  startup_stm32f103xb.o(.text)
    TIM1_UP_IRQHandler                       0x080001c3   Thumb Code     0  startup_stm32f103xb.o(.text)
    TIM2_IRQHandler                          0x080001c3   Thumb Code     0  startup_stm32f103xb.o(.text)
    TIM3_IRQHandler                          0x080001c3   Thumb Code     0  startup_stm32f103xb.o(.text)
    TIM4_IRQHandler                          0x080001c3   Thumb Code     0  startup_stm32f103xb.o(.text)
    USART1_IRQHandler                        0x080001c3   Thumb Code     0  startup_stm32f103xb.o(.text)
    USART2_IRQHandler                        0x080001c3   Thumb Code     0  startup_stm32f103xb.o(.text)
    USART3_IRQHandler                        0x080001c3   Thumb Code     0  startup_stm32f103xb.o(.text)
    USBWakeUp_IRQHandler                     0x080001c3   Thumb Code     0  startup_stm32f103xb.o(.text)
    USB_HP_CAN1_TX_IRQHandler                0x080001c3   Thumb Code     0  startup_stm32f103xb.o(.text)
    USB_LP_CAN1_RX0_IRQHandler               0x080001c3   Thumb Code     0  startup_stm32f103xb.o(.text)
    WWDG_IRQHandler                          0x080001c3   Thumb Code     0  startup_stm32f103xb.o(.text)
    __user_initial_stackheap                 0x080001c5   Thumb Code     0  startup_stm32f103xb.o(.text)
    __2sprintf                               0x080001e9   Thumb Code    34  noretval__2sprintf.o(.text)
    _printf_int_dec                          0x08000211   Thumb Code   104  _printf_dec.o(.text)
    __printf                                 0x08000289   Thumb Code   270  __printf_wp.o(.text)
    __aeabi_memclr4                          0x08000397   Thumb Code     0  rt_memclr_w.o(.text)
    __aeabi_memclr8                          0x08000397   Thumb Code     0  rt_memclr_w.o(.text)
    __rt_memclr_w                            0x08000397   Thumb Code    78  rt_memclr_w.o(.text)
    _memset_w                                0x0800039b   Thumb Code     0  rt_memclr_w.o(.text)
    __use_two_region_memory                  0x080003e5   Thumb Code     2  heapauxi.o(.text)
    __rt_heap_escrow$2region                 0x080003e7   Thumb Code     2  heapauxi.o(.text)
    __rt_heap_expand$2region                 0x080003e9   Thumb Code     2  heapauxi.o(.text)
    _printf_int_common                       0x080003eb   Thumb Code   178  _printf_intcommon.o(.text)
    __lib_sel_fp_printf                      0x0800049d   Thumb Code     2  _printf_fp_dec.o(.text)
    _printf_fp_dec_real                      0x0800064f   Thumb Code   620  _printf_fp_dec.o(.text)
    _printf_char_common                      0x080008c7   Thumb Code    32  _printf_char_common.o(.text)
    _sputc                                   0x080008ed   Thumb Code    10  _sputc.o(.text)
    __rt_locale                              0x080008f9   Thumb Code     8  rt_locale_intlibspace.o(.text)
    _ll_udiv10                               0x08000901   Thumb Code   138  lludiv10.o(.text)
    _printf_fp_infnan                        0x0800098d   Thumb Code   112  _printf_fp_infnan.o(.text)
    _btod_etento                             0x08000a0d   Thumb Code   224  bigflt0.o(.text)
    __user_libspace                          0x08000af1   Thumb Code     8  libspace.o(.text)
    __user_perproc_libspace                  0x08000af1   Thumb Code     0  libspace.o(.text)
    __user_perthread_libspace                0x08000af1   Thumb Code     0  libspace.o(.text)
    __user_setup_stackheap                   0x08000af9   Thumb Code    74  sys_stackheap_outer.o(.text)
    exit                                     0x08000b43   Thumb Code    18  exit.o(.text)
    strcmp                                   0x08000b55   Thumb Code   128  strcmpv7m.o(.text)
    _sys_exit                                0x08000bd5   Thumb Code     8  sys_exit.o(.text)
    __I$use$semihosting                      0x08000be1   Thumb Code     0  use_no_semi.o(.text)
    __use_no_semihosting_swi                 0x08000be1   Thumb Code     2  use_no_semi.o(.text)
    __semihosting_library_function           0x08000be3   Thumb Code     0  indicate_semi.o(.text)
    _btod_d2e                                0x08000be3   Thumb Code    62  btod.o(CL$$btod_d2e)
    _d2e_denorm_low                          0x08000c21   Thumb Code    70  btod.o(CL$$btod_d2e_denorm_low)
    _d2e_norm_op1                            0x08000c67   Thumb Code    96  btod.o(CL$$btod_d2e_norm_op1)
    __btod_div_common                        0x08000cc7   Thumb Code   696  btod.o(CL$$btod_div_common)
    _e2e                                     0x08000fff   Thumb Code   220  btod.o(CL$$btod_e2e)
    _btod_ediv                               0x080010db   Thumb Code    42  btod.o(CL$$btod_ediv)
    _btod_emul                               0x08001105   Thumb Code    42  btod.o(CL$$btod_emul)
    __btod_mult_common                       0x0800112f   Thumb Code   580  btod.o(CL$$btod_mult_common)
    BusFault_Handler                         0x08001373   Thumb Code     2  stm32f1xx_it.o(i.BusFault_Handler)
    Check_DS                                 0x08001375   Thumb Code    88  ds18b20.o(i.Check_DS)
    Coarse_delay_us                          0x080013d1   Thumb Code    22  dht11.o(i.Coarse_delay_us)
    DHT11_Check                              0x080013ed   Thumb Code    28  dht11.o(i.DHT11_Check)
    DHT11_READ_BIT                           0x0800143d   Thumb Code    54  dht11.o(i.DHT11_READ_BIT)
    DHT11_READ_BYTE                          0x08001479   Thumb Code    32  dht11.o(i.DHT11_READ_BYTE)
    DHT11_READ_DATA                          0x08001499   Thumb Code   154  dht11.o(i.DHT11_READ_DATA)
    DHT11_START                              0x0800154d   Thumb Code    36  dht11.o(i.DHT11_START)
    DS_Init                                  0x08001575   Thumb Code    14  ds18b20.o(i.DS_Init)
    DS_Reset                                 0x080015e1   Thumb Code    50  ds18b20.o(i.DS_Reset)
    DebugMon_Handler                         0x08001679   Thumb Code     2  stm32f1xx_it.o(i.DebugMon_Handler)
    Error_Handler                            0x0800167b   Thumb Code     4  main.o(i.Error_Handler)
    Get_DS_Temperature                       0x0800167f   Thumb Code    96  ds18b20.o(i.Get_DS_Temperature)
    HAL_DMA_Abort_IT                         0x080016e1   Thumb Code   148  stm32f1xx_hal_dma.o(i.HAL_DMA_Abort_IT)
    HAL_Delay                                0x08001779   Thumb Code    32  stm32f1xx_hal.o(i.HAL_Delay)
    HAL_GPIO_Init                            0x0800179d   Thumb Code   446  stm32f1xx_hal_gpio.o(i.HAL_GPIO_Init)
    HAL_GPIO_ReadPin                         0x0800197d   Thumb Code    10  stm32f1xx_hal_gpio.o(i.HAL_GPIO_ReadPin)
    HAL_GPIO_WritePin                        0x08001987   Thumb Code    10  stm32f1xx_hal_gpio.o(i.HAL_GPIO_WritePin)
    HAL_GetTick                              0x08001991   Thumb Code     6  stm32f1xx_hal.o(i.HAL_GetTick)
    HAL_IncTick                              0x0800199d   Thumb Code    12  stm32f1xx_hal.o(i.HAL_IncTick)
    HAL_Init                                 0x080019ad   Thumb Code    32  stm32f1xx_hal.o(i.HAL_Init)
    HAL_InitTick                             0x080019d1   Thumb Code    54  stm32f1xx_hal.o(i.HAL_InitTick)
    HAL_MspInit                              0x08001a11   Thumb Code    52  stm32f1xx_hal_msp.o(i.HAL_MspInit)
    HAL_NVIC_EnableIRQ                       0x08001a4d   Thumb Code    26  stm32f1xx_hal_cortex.o(i.HAL_NVIC_EnableIRQ)
    HAL_NVIC_SetPriority                     0x08001a69   Thumb Code    60  stm32f1xx_hal_cortex.o(i.HAL_NVIC_SetPriority)
    HAL_NVIC_SetPriorityGrouping             0x08001aa9   Thumb Code    26  stm32f1xx_hal_cortex.o(i.HAL_NVIC_SetPriorityGrouping)
    HAL_RCC_ClockConfig                      0x08001acd   Thumb Code   280  stm32f1xx_hal_rcc.o(i.HAL_RCC_ClockConfig)
    HAL_RCC_GetHCLKFreq                      0x08001bf9   Thumb Code     6  stm32f1xx_hal_rcc.o(i.HAL_RCC_GetHCLKFreq)
    HAL_RCC_GetSysClockFreq                  0x08001c05   Thumb Code    58  stm32f1xx_hal_rcc.o(i.HAL_RCC_GetSysClockFreq)
    HAL_RCC_OscConfig                        0x08001c51   Thumb Code   778  stm32f1xx_hal_rcc.o(i.HAL_RCC_OscConfig)
    HAL_SPI_ErrorCallback                    0x08001f71   Thumb Code     2  stm32f1xx_hal_spi.o(i.HAL_SPI_ErrorCallback)
    HAL_SPI_IRQHandler                       0x08001f75   Thumb Code   220  stm32f1xx_hal_spi.o(i.HAL_SPI_IRQHandler)
    HAL_SPI_Init                             0x08002055   Thumb Code   178  stm32f1xx_hal_spi.o(i.HAL_SPI_Init)
    HAL_SPI_MspInit                          0x08002109   Thumb Code   128  spi.o(i.HAL_SPI_MspInit)
    HAL_SPI_TransmitReceive                  0x08002199   Thumb Code   496  stm32f1xx_hal_spi.o(i.HAL_SPI_TransmitReceive)
    HAL_SYSTICK_Config                       0x08002389   Thumb Code    40  stm32f1xx_hal_cortex.o(i.HAL_SYSTICK_Config)
    HardFault_Handler                        0x080023b1   Thumb Code     2  stm32f1xx_it.o(i.HardFault_Handler)
    MFRC_ClrBitMask                          0x080023b3   Thumb Code    24  rc522.o(i.MFRC_ClrBitMask)
    MFRC_ReadReg                             0x080023cd   Thumb Code    52  rc522.o(i.MFRC_ReadReg)
    MFRC_SetBitMask                          0x08002405   Thumb Code    24  rc522.o(i.MFRC_SetBitMask)
    MFRC_WriteReg                            0x0800241d   Thumb Code    48  rc522.o(i.MFRC_WriteReg)
    MX_GPIO_Init                             0x08002451   Thumb Code   174  gpio.o(i.MX_GPIO_Init)
    MX_SPI1_Init                             0x0800250d   Thumb Code    62  spi.o(i.MX_SPI1_Init)
    MemManage_Handler                        0x08002555   Thumb Code     2  stm32f1xx_it.o(i.MemManage_Handler)
    NMI_Handler                              0x08002557   Thumb Code     2  stm32f1xx_it.o(i.NMI_Handler)
    OLED_Clear                               0x08002559   Thumb Code    40  oled.o(i.OLED_Clear)
    OLED_ColorTurn                           0x08002585   Thumb Code    24  oled.o(i.OLED_ColorTurn)
    OLED_DisplayTurn                         0x0800259d   Thumb Code    44  oled.o(i.OLED_DisplayTurn)
    OLED_DrawPoint                           0x080025c9   Thumb Code    40  oled.o(i.OLED_DrawPoint)
    OLED_Init                                0x080025f5   Thumb Code   262  oled.o(i.OLED_Init)
    OLED_Refresh                             0x08002701   Thumb Code    70  oled.o(i.OLED_Refresh)
    OLED_ShowChar                            0x0800274d   Thumb Code   212  oled.o(i.OLED_ShowChar)
    OLED_ShowString                          0x08002831   Thumb Code    60  oled.o(i.OLED_ShowString)
    OLED_WR_Byte                             0x0800286d   Thumb Code   108  oled.o(i.OLED_WR_Byte)
    PCD_AntennaOff                           0x080028dd   Thumb Code     8  rc522.o(i.PCD_AntennaOff)
    PCD_AntennaOn                            0x080028e5   Thumb Code    26  rc522.o(i.PCD_AntennaOn)
    PCD_Reset                                0x08002901   Thumb Code   132  rc522.o(i.PCD_Reset)
    PendSV_Handler                           0x08002989   Thumb Code     2  stm32f1xx_it.o(i.PendSV_Handler)
    SPI1_IRQHandler                          0x0800298d   Thumb Code     6  stm32f1xx_it.o(i.SPI1_IRQHandler)
    SPI1_RW_Byte                             0x08002999   Thumb Code    26  rc522.o(i.SPI1_RW_Byte)
    SVC_Handler                              0x08002ab5   Thumb Code     2  stm32f1xx_it.o(i.SVC_Handler)
    SysTick_Handler                          0x08002b31   Thumb Code     4  stm32f1xx_it.o(i.SysTick_Handler)
    SystemClock_Config                       0x08002b35   Thumb Code    94  main.o(i.SystemClock_Config)
    SystemInit                               0x08002b93   Thumb Code     2  system_stm32f1xx.o(i.SystemInit)
    UsageFault_Handler                       0x08002b95   Thumb Code     2  stm32f1xx_it.o(i.UsageFault_Handler)
    __ARM_fpclassify                         0x08002b97   Thumb Code    40  fpclassify.o(i.__ARM_fpclassify)
    _is_digit                                0x08002bdf   Thumb Code    14  __printf_wp.o(i._is_digit)
    delay_us                                 0x08002bed   Thumb Code    70  ds18b20.o(i.delay_us)
    main                                     0x08002c39   Thumb Code    84  main.o(i.main)
    oled_showFnum                            0x08002c8d   Thumb Code    54  oled.o(i.oled_showFnum)
    _get_lc_numeric                          0x08002cd1   Thumb Code    44  lc_numeric_c.o(locale$$code)
    __aeabi_d2f                              0x08002cfd   Thumb Code     0  d2f.o(x$fpl$d2f)
    _d2f                                     0x08002cfd   Thumb Code    98  d2f.o(x$fpl$d2f)
    __fpl_dcheck_NaN1                        0x08002d61   Thumb Code    10  dcheck1.o(x$fpl$dcheck1)
    __aeabi_i2d                              0x08002d71   Thumb Code     0  dflt_clz.o(x$fpl$dflt)
    _dflt                                    0x08002d71   Thumb Code    46  dflt_clz.o(x$fpl$dflt)
    __fpl_dnaninf                            0x08002d9f   Thumb Code   156  dnaninf.o(x$fpl$dnaninf)
    __fpl_dretinf                            0x08002e3b   Thumb Code    12  dretinf.o(x$fpl$dretinf)
    __aeabi_f2d                              0x08002e49   Thumb Code     0  f2d.o(x$fpl$f2d)
    _f2d                                     0x08002e49   Thumb Code    86  f2d.o(x$fpl$f2d)
    __fpl_fnaninf                            0x08002e9f   Thumb Code   140  fnaninf.o(x$fpl$fnaninf)
    __fpl_fretinf                            0x08002f2b   Thumb Code    10  fretinf.o(x$fpl$fretinf)
    _printf_fp_dec                           0x08002f35   Thumb Code     4  printf1.o(x$fpl$printf1)
    __fpl_return_NaN                         0x08002f39   Thumb Code   100  retnan.o(x$fpl$retnan)
    __ARM_scalbn                             0x08002f9d   Thumb Code    92  scalbn.o(x$fpl$scalbn)
    __fpl_cmpreturn                          0x08002ff9   Thumb Code    48  trapv.o(x$fpl$trapveneer)
    __I$use$fp                               0x08003028   Number         0  usenofp.o(x$fpl$usenofp)
    AHBPrescTable                            0x0800303a   Data          16  system_stm32f1xx.o(.constdata)
    asc2_0806                                0x0800304a   Data         552  oled.o(.constdata)
    asc2_1206                                0x08003272   Data        1140  oled.o(.constdata)
    asc2_1608                                0x080036e6   Data        1520  oled.o(.constdata)
    asc2_2412                                0x08003cd6   Data        3420  oled.o(.constdata)
    Hzk1                                     0x08004a32   Data         352  oled.o(.constdata)
    Hzk2                                     0x08004b92   Data          72  oled.o(.constdata)
    Hzk3                                     0x08004bda   Data         128  oled.o(.constdata)
    Hzk4                                     0x08004c5a   Data         512  oled.o(.constdata)
    Region$$Table$$Base                      0x08004ef0   Number         0  anon$$obj.o(Region$$Table)
    Region$$Table$$Limit                     0x08004f10   Number         0  anon$$obj.o(Region$$Table)
    uwTickFreq                               0x20000000   Data           1  stm32f1xx_hal.o(.data)
    uwTickPrio                               0x20000004   Data           4  stm32f1xx_hal.o(.data)
    uwTick                                   0x20000008   Data           4  stm32f1xx_hal.o(.data)
    SystemCoreClock                          0x2000000c   Data           4  system_stm32f1xx.o(.data)
    hspi1                                    0x20000010   Data          88  spi.o(.bss)
    OLED_GRAM                                0x20000068   Data        1152  oled.o(.bss)
    __libspace_start                         0x200004e8   Data          96  libspace.o(.bss)
    __temporary_stack_top$libspace           0x20000548   Data           0  libspace.o(.bss)



==============================================================================

Memory Map of the image

  Image Entry point : 0x080000ed

  Load Region LR_IROM1 (Base: 0x08000000, Size: 0x00004f3c, Max: 0x00010000, ABSOLUTE)

    Execution Region ER_IROM1 (Exec base: 0x08000000, Load base: 0x08000000, Size: 0x00004f2c, Max: 0x00010000, ABSOLUTE)

    Exec Addr    Load Addr    Size         Type   Attr      Idx    E Section Name        Object

    0x08000000   0x08000000   0x000000ec   Data   RO            3    RESET               startup_stm32f103xb.o
    0x080000ec   0x080000ec   0x00000008   Code   RO         2165  * !!!main             c_w.l(__main.o)
    0x080000f4   0x080000f4   0x00000034   Code   RO         2405    !!!scatter          c_w.l(__scatter.o)
    0x08000128   0x08000128   0x0000001a   Code   RO         2407    !!handler_copy      c_w.l(__scatter_copy.o)
    0x08000142   0x08000142   0x00000002   PAD
    0x08000144   0x08000144   0x0000001c   Code   RO         2409    !!handler_zi        c_w.l(__scatter_zi.o)
    0x08000160   0x08000160   0x00000000   Code   RO         2160    .ARM.Collect$$_printf_percent$$00000000  c_w.l(_printf_percent.o)
    0x08000160   0x08000160   0x00000006   Code   RO         2159    .ARM.Collect$$_printf_percent$$00000003  c_w.l(_printf_f.o)
    0x08000166   0x08000166   0x00000006   Code   RO         2158    .ARM.Collect$$_printf_percent$$00000009  c_w.l(_printf_d.o)
    0x0800016c   0x0800016c   0x00000004   Code   RO         2190    .ARM.Collect$$_printf_percent$$00000017  c_w.l(_printf_percent_end.o)
    0x08000170   0x08000170   0x00000002   Code   RO         2276    .ARM.Collect$$libinit$$00000000  c_w.l(libinit.o)
    0x08000172   0x08000172   0x00000000   Code   RO         2278    .ARM.Collect$$libinit$$00000002  c_w.l(libinit2.o)
    0x08000172   0x08000172   0x00000000   Code   RO         2280    .ARM.Collect$$libinit$$00000004  c_w.l(libinit2.o)
    0x08000172   0x08000172   0x00000000   Code   RO         2283    .ARM.Collect$$libinit$$0000000A  c_w.l(libinit2.o)
    0x08000172   0x08000172   0x00000000   Code   RO         2285    .ARM.Collect$$libinit$$0000000C  c_w.l(libinit2.o)
    0x08000172   0x08000172   0x00000000   Code   RO         2287    .ARM.Collect$$libinit$$0000000E  c_w.l(libinit2.o)
    0x08000172   0x08000172   0x00000006   Code   RO         2288    .ARM.Collect$$libinit$$0000000F  c_w.l(libinit2.o)
    0x08000178   0x08000178   0x00000000   Code   RO         2290    .ARM.Collect$$libinit$$00000011  c_w.l(libinit2.o)
    0x08000178   0x08000178   0x00000000   Code   RO         2292    .ARM.Collect$$libinit$$00000013  c_w.l(libinit2.o)
    0x08000178   0x08000178   0x00000000   Code   RO         2294    .ARM.Collect$$libinit$$00000015  c_w.l(libinit2.o)
    0x08000178   0x08000178   0x0000000a   Code   RO         2295    .ARM.Collect$$libinit$$00000016  c_w.l(libinit2.o)
    0x08000182   0x08000182   0x00000000   Code   RO         2296    .ARM.Collect$$libinit$$00000017  c_w.l(libinit2.o)
    0x08000182   0x08000182   0x00000000   Code   RO         2298    .ARM.Collect$$libinit$$00000019  c_w.l(libinit2.o)
    0x08000182   0x08000182   0x00000000   Code   RO         2300    .ARM.Collect$$libinit$$0000001B  c_w.l(libinit2.o)
    0x08000182   0x08000182   0x00000000   Code   RO         2302    .ARM.Collect$$libinit$$0000001D  c_w.l(libinit2.o)
    0x08000182   0x08000182   0x00000000   Code   RO         2304    .ARM.Collect$$libinit$$0000001F  c_w.l(libinit2.o)
    0x08000182   0x08000182   0x00000000   Code   RO         2306    .ARM.Collect$$libinit$$00000021  c_w.l(libinit2.o)
    0x08000182   0x08000182   0x00000000   Code   RO         2308    .ARM.Collect$$libinit$$00000023  c_w.l(libinit2.o)
    0x08000182   0x08000182   0x00000000   Code   RO         2310    .ARM.Collect$$libinit$$00000025  c_w.l(libinit2.o)
    0x08000182   0x08000182   0x00000000   Code   RO         2314    .ARM.Collect$$libinit$$0000002C  c_w.l(libinit2.o)
    0x08000182   0x08000182   0x00000000   Code   RO         2316    .ARM.Collect$$libinit$$0000002E  c_w.l(libinit2.o)
    0x08000182   0x08000182   0x00000000   Code   RO         2318    .ARM.Collect$$libinit$$00000030  c_w.l(libinit2.o)
    0x08000182   0x08000182   0x00000000   Code   RO         2320    .ARM.Collect$$libinit$$00000032  c_w.l(libinit2.o)
    0x08000182   0x08000182   0x00000002   Code   RO         2321    .ARM.Collect$$libinit$$00000033  c_w.l(libinit2.o)
    0x08000184   0x08000184   0x00000002   Code   RO         2353    .ARM.Collect$$libshutdown$$00000000  c_w.l(libshutdown.o)
    0x08000186   0x08000186   0x00000000   Code   RO         2364    .ARM.Collect$$libshutdown$$00000002  c_w.l(libshutdown2.o)
    0x08000186   0x08000186   0x00000000   Code   RO         2366    .ARM.Collect$$libshutdown$$00000004  c_w.l(libshutdown2.o)
    0x08000186   0x08000186   0x00000000   Code   RO         2369    .ARM.Collect$$libshutdown$$00000007  c_w.l(libshutdown2.o)
    0x08000186   0x08000186   0x00000000   Code   RO         2372    .ARM.Collect$$libshutdown$$0000000A  c_w.l(libshutdown2.o)
    0x08000186   0x08000186   0x00000000   Code   RO         2374    .ARM.Collect$$libshutdown$$0000000C  c_w.l(libshutdown2.o)
    0x08000186   0x08000186   0x00000000   Code   RO         2377    .ARM.Collect$$libshutdown$$0000000F  c_w.l(libshutdown2.o)
    0x08000186   0x08000186   0x00000002   Code   RO         2378    .ARM.Collect$$libshutdown$$00000010  c_w.l(libshutdown2.o)
    0x08000188   0x08000188   0x00000000   Code   RO         2181    .ARM.Collect$$rtentry$$00000000  c_w.l(__rtentry.o)
    0x08000188   0x08000188   0x00000000   Code   RO         2203    .ARM.Collect$$rtentry$$00000002  c_w.l(__rtentry2.o)
    0x08000188   0x08000188   0x00000006   Code   RO         2215    .ARM.Collect$$rtentry$$00000004  c_w.l(__rtentry4.o)
    0x0800018e   0x0800018e   0x00000000   Code   RO         2205    .ARM.Collect$$rtentry$$00000009  c_w.l(__rtentry2.o)
    0x0800018e   0x0800018e   0x00000004   Code   RO         2206    .ARM.Collect$$rtentry$$0000000A  c_w.l(__rtentry2.o)
    0x08000192   0x08000192   0x00000000   Code   RO         2208    .ARM.Collect$$rtentry$$0000000C  c_w.l(__rtentry2.o)
    0x08000192   0x08000192   0x00000008   Code   RO         2209    .ARM.Collect$$rtentry$$0000000D  c_w.l(__rtentry2.o)
    0x0800019a   0x0800019a   0x00000002   Code   RO         2324    .ARM.Collect$$rtexit$$00000000  c_w.l(rtexit.o)
    0x0800019c   0x0800019c   0x00000000   Code   RO         2331    .ARM.Collect$$rtexit$$00000002  c_w.l(rtexit2.o)
    0x0800019c   0x0800019c   0x00000004   Code   RO         2332    .ARM.Collect$$rtexit$$00000003  c_w.l(rtexit2.o)
    0x080001a0   0x080001a0   0x00000006   Code   RO         2333    .ARM.Collect$$rtexit$$00000004  c_w.l(rtexit2.o)
    0x080001a6   0x080001a6   0x00000002   PAD
    0x080001a8   0x080001a8   0x00000040   Code   RO            4    .text               startup_stm32f103xb.o
    0x080001e8   0x080001e8   0x00000028   Code   RO         2132    .text               c_w.l(noretval__2sprintf.o)
    0x08000210   0x08000210   0x00000078   Code   RO         2136    .text               c_w.l(_printf_dec.o)
    0x08000288   0x08000288   0x0000010e   Code   RO         2146    .text               c_w.l(__printf_wp.o)
    0x08000396   0x08000396   0x0000004e   Code   RO         2161    .text               c_w.l(rt_memclr_w.o)
    0x080003e4   0x080003e4   0x00000006   Code   RO         2163    .text               c_w.l(heapauxi.o)
    0x080003ea   0x080003ea   0x000000b2   Code   RO         2182    .text               c_w.l(_printf_intcommon.o)
    0x0800049c   0x0800049c   0x0000041e   Code   RO         2184    .text               c_w.l(_printf_fp_dec.o)
    0x080008ba   0x080008ba   0x00000002   PAD
    0x080008bc   0x080008bc   0x00000030   Code   RO         2186    .text               c_w.l(_printf_char_common.o)
    0x080008ec   0x080008ec   0x0000000a   Code   RO         2188    .text               c_w.l(_sputc.o)
    0x080008f6   0x080008f6   0x00000002   PAD
    0x080008f8   0x080008f8   0x00000008   Code   RO         2220    .text               c_w.l(rt_locale_intlibspace.o)
    0x08000900   0x08000900   0x0000008a   Code   RO         2222    .text               c_w.l(lludiv10.o)
    0x0800098a   0x0800098a   0x00000002   PAD
    0x0800098c   0x0800098c   0x00000080   Code   RO         2224    .text               c_w.l(_printf_fp_infnan.o)
    0x08000a0c   0x08000a0c   0x000000e4   Code   RO         2228    .text               c_w.l(bigflt0.o)
    0x08000af0   0x08000af0   0x00000008   Code   RO         2262    .text               c_w.l(libspace.o)
    0x08000af8   0x08000af8   0x0000004a   Code   RO         2265    .text               c_w.l(sys_stackheap_outer.o)
    0x08000b42   0x08000b42   0x00000012   Code   RO         2267    .text               c_w.l(exit.o)
    0x08000b54   0x08000b54   0x00000080   Code   RO         2269    .text               c_w.l(strcmpv7m.o)
    0x08000bd4   0x08000bd4   0x0000000c   Code   RO         2343    .text               c_w.l(sys_exit.o)
    0x08000be0   0x08000be0   0x00000002   Code   RO         2354    .text               c_w.l(use_no_semi.o)
    0x08000be2   0x08000be2   0x00000000   Code   RO         2356    .text               c_w.l(indicate_semi.o)
    0x08000be2   0x08000be2   0x0000003e   Code   RO         2231    CL$$btod_d2e        c_w.l(btod.o)
    0x08000c20   0x08000c20   0x00000046   Code   RO         2233    CL$$btod_d2e_denorm_low  c_w.l(btod.o)
    0x08000c66   0x08000c66   0x00000060   Code   RO         2232    CL$$btod_d2e_norm_op1  c_w.l(btod.o)
    0x08000cc6   0x08000cc6   0x00000338   Code   RO         2241    CL$$btod_div_common  c_w.l(btod.o)
    0x08000ffe   0x08000ffe   0x000000dc   Code   RO         2238    CL$$btod_e2e        c_w.l(btod.o)
    0x080010da   0x080010da   0x0000002a   Code   RO         2235    CL$$btod_ediv       c_w.l(btod.o)
    0x08001104   0x08001104   0x0000002a   Code   RO         2234    CL$$btod_emul       c_w.l(btod.o)
    0x0800112e   0x0800112e   0x00000244   Code   RO         2240    CL$$btod_mult_common  c_w.l(btod.o)
    0x08001372   0x08001372   0x00000002   Code   RO          223    i.BusFault_Handler  stm32f1xx_it.o
    0x08001374   0x08001374   0x0000005c   Code   RO         2058    i.Check_DS          ds18b20.o
    0x080013d0   0x080013d0   0x0000001c   Code   RO         1993    i.Coarse_delay_us   dht11.o
    0x080013ec   0x080013ec   0x00000020   Code   RO         1995    i.DHT11_Check       dht11.o
    0x0800140c   0x0800140c   0x00000030   Code   RO         1996    i.DHT11_GPIO_MODE_SET  dht11.o
    0x0800143c   0x0800143c   0x0000003c   Code   RO         1997    i.DHT11_READ_BIT    dht11.o
    0x08001478   0x08001478   0x00000020   Code   RO         1998    i.DHT11_READ_BYTE   dht11.o
    0x08001498   0x08001498   0x000000b4   Code   RO         1999    i.DHT11_READ_DATA   dht11.o
    0x0800154c   0x0800154c   0x00000028   Code   RO         2000    i.DHT11_START       dht11.o
    0x08001574   0x08001574   0x0000000e   Code   RO         2059    i.DS_Init           ds18b20.o
    0x08001582   0x08001582   0x00000002   PAD
    0x08001584   0x08001584   0x0000005c   Code   RO         2060    i.DS_Read_Byte      ds18b20.o
    0x080015e0   0x080015e0   0x00000038   Code   RO         2061    i.DS_Reset          ds18b20.o
    0x08001618   0x08001618   0x00000060   Code   RO         2062    i.DS_Write_Byte     ds18b20.o
    0x08001678   0x08001678   0x00000002   Code   RO          224    i.DebugMon_Handler  stm32f1xx_it.o
    0x0800167a   0x0800167a   0x00000004   Code   RO           13    i.Error_Handler     main.o
    0x0800167e   0x0800167e   0x00000060   Code   RO         2063    i.Get_DS_Temperature  ds18b20.o
    0x080016de   0x080016de   0x00000002   PAD
    0x080016e0   0x080016e0   0x00000098   Code   RO         1069    i.HAL_DMA_Abort_IT  stm32f1xx_hal_dma.o
    0x08001778   0x08001778   0x00000024   Code   RO          694    i.HAL_Delay         stm32f1xx_hal.o
    0x0800179c   0x0800179c   0x000001e0   Code   RO         1004    i.HAL_GPIO_Init     stm32f1xx_hal_gpio.o
    0x0800197c   0x0800197c   0x0000000a   Code   RO         1006    i.HAL_GPIO_ReadPin  stm32f1xx_hal_gpio.o
    0x08001986   0x08001986   0x0000000a   Code   RO         1008    i.HAL_GPIO_WritePin  stm32f1xx_hal_gpio.o
    0x08001990   0x08001990   0x0000000c   Code   RO          698    i.HAL_GetTick       stm32f1xx_hal.o
    0x0800199c   0x0800199c   0x00000010   Code   RO          704    i.HAL_IncTick       stm32f1xx_hal.o
    0x080019ac   0x080019ac   0x00000024   Code   RO          705    i.HAL_Init          stm32f1xx_hal.o
    0x080019d0   0x080019d0   0x00000040   Code   RO          706    i.HAL_InitTick      stm32f1xx_hal.o
    0x08001a10   0x08001a10   0x0000003c   Code   RO          305    i.HAL_MspInit       stm32f1xx_hal_msp.o
    0x08001a4c   0x08001a4c   0x0000001a   Code   RO         1164    i.HAL_NVIC_EnableIRQ  stm32f1xx_hal_cortex.o
    0x08001a66   0x08001a66   0x00000002   PAD
    0x08001a68   0x08001a68   0x00000040   Code   RO         1170    i.HAL_NVIC_SetPriority  stm32f1xx_hal_cortex.o
    0x08001aa8   0x08001aa8   0x00000024   Code   RO         1171    i.HAL_NVIC_SetPriorityGrouping  stm32f1xx_hal_cortex.o
    0x08001acc   0x08001acc   0x0000012c   Code   RO          862    i.HAL_RCC_ClockConfig  stm32f1xx_hal_rcc.o
    0x08001bf8   0x08001bf8   0x0000000c   Code   RO          867    i.HAL_RCC_GetHCLKFreq  stm32f1xx_hal_rcc.o
    0x08001c04   0x08001c04   0x0000004c   Code   RO          871    i.HAL_RCC_GetSysClockFreq  stm32f1xx_hal_rcc.o
    0x08001c50   0x08001c50   0x00000320   Code   RO          874    i.HAL_RCC_OscConfig  stm32f1xx_hal_rcc.o
    0x08001f70   0x08001f70   0x00000002   Code   RO          372    i.HAL_SPI_ErrorCallback  stm32f1xx_hal_spi.o
    0x08001f72   0x08001f72   0x00000002   PAD
    0x08001f74   0x08001f74   0x000000e0   Code   RO          375    i.HAL_SPI_IRQHandler  stm32f1xx_hal_spi.o
    0x08002054   0x08002054   0x000000b2   Code   RO          376    i.HAL_SPI_Init      stm32f1xx_hal_spi.o
    0x08002106   0x08002106   0x00000002   PAD
    0x08002108   0x08002108   0x00000090   Code   RO          182    i.HAL_SPI_MspInit   spi.o
    0x08002198   0x08002198   0x000001f0   Code   RO          385    i.HAL_SPI_TransmitReceive  stm32f1xx_hal_spi.o
    0x08002388   0x08002388   0x00000028   Code   RO         1175    i.HAL_SYSTICK_Config  stm32f1xx_hal_cortex.o
    0x080023b0   0x080023b0   0x00000002   Code   RO          225    i.HardFault_Handler  stm32f1xx_it.o
    0x080023b2   0x080023b2   0x00000018   Code   RO         1847    i.MFRC_ClrBitMask   rc522.o
    0x080023ca   0x080023ca   0x00000002   PAD
    0x080023cc   0x080023cc   0x00000038   Code   RO         1850    i.MFRC_ReadReg      rc522.o
    0x08002404   0x08002404   0x00000018   Code   RO         1851    i.MFRC_SetBitMask   rc522.o
    0x0800241c   0x0800241c   0x00000034   Code   RO         1852    i.MFRC_WriteReg     rc522.o
    0x08002450   0x08002450   0x000000bc   Code   RO          157    i.MX_GPIO_Init      gpio.o
    0x0800250c   0x0800250c   0x00000048   Code   RO          183    i.MX_SPI1_Init      spi.o
    0x08002554   0x08002554   0x00000002   Code   RO          226    i.MemManage_Handler  stm32f1xx_it.o
    0x08002556   0x08002556   0x00000002   Code   RO          227    i.NMI_Handler       stm32f1xx_it.o
    0x08002558   0x08002558   0x0000002c   Code   RO         1702    i.OLED_Clear        oled.o
    0x08002584   0x08002584   0x00000018   Code   RO         1703    i.OLED_ColorTurn    oled.o
    0x0800259c   0x0800259c   0x0000002c   Code   RO         1706    i.OLED_DisplayTurn  oled.o
    0x080025c8   0x080025c8   0x0000002c   Code   RO         1709    i.OLED_DrawPoint    oled.o
    0x080025f4   0x080025f4   0x0000010c   Code   RO         1710    i.OLED_Init         oled.o
    0x08002700   0x08002700   0x0000004c   Code   RO         1712    i.OLED_Refresh      oled.o
    0x0800274c   0x0800274c   0x000000e4   Code   RO         1714    i.OLED_ShowChar     oled.o
    0x08002830   0x08002830   0x0000003c   Code   RO         1718    i.OLED_ShowString   oled.o
    0x0800286c   0x0800286c   0x00000070   Code   RO         1719    i.OLED_WR_Byte      oled.o
    0x080028dc   0x080028dc   0x00000008   Code   RO         1853    i.PCD_AntennaOff    rc522.o
    0x080028e4   0x080028e4   0x0000001a   Code   RO         1854    i.PCD_AntennaOn     rc522.o
    0x080028fe   0x080028fe   0x00000002   PAD
    0x08002900   0x08002900   0x00000088   Code   RO         1862    i.PCD_Reset         rc522.o
    0x08002988   0x08002988   0x00000002   Code   RO          228    i.PendSV_Handler    stm32f1xx_it.o
    0x0800298a   0x0800298a   0x00000002   PAD
    0x0800298c   0x0800298c   0x0000000c   Code   RO          229    i.SPI1_IRQHandler   stm32f1xx_it.o
    0x08002998   0x08002998   0x00000020   Code   RO         1866    i.SPI1_RW_Byte      rc522.o
    0x080029b8   0x080029b8   0x00000010   Code   RO          403    i.SPI_DMAAbortOnError  stm32f1xx_hal_spi.o
    0x080029c8   0x080029c8   0x00000034   Code   RO          414    i.SPI_EndRxTxTransaction  stm32f1xx_hal_spi.o
    0x080029fc   0x080029fc   0x000000b8   Code   RO          419    i.SPI_WaitFlagStateUntilTimeout  stm32f1xx_hal_spi.o
    0x08002ab4   0x08002ab4   0x00000002   Code   RO          230    i.SVC_Handler       stm32f1xx_it.o
    0x08002ab6   0x08002ab6   0x00000002   PAD
    0x08002ab8   0x08002ab8   0x0000003c   Code   RO         2064    i.Set_DS_Pin_In     ds18b20.o
    0x08002af4   0x08002af4   0x0000003c   Code   RO         2065    i.Set_DS_Pin_Out    ds18b20.o
    0x08002b30   0x08002b30   0x00000004   Code   RO          231    i.SysTick_Handler   stm32f1xx_it.o
    0x08002b34   0x08002b34   0x0000005e   Code   RO           14    i.SystemClock_Config  main.o
    0x08002b92   0x08002b92   0x00000002   Code   RO         1665    i.SystemInit        system_stm32f1xx.o
    0x08002b94   0x08002b94   0x00000002   Code   RO          232    i.UsageFault_Handler  stm32f1xx_it.o
    0x08002b96   0x08002b96   0x00000028   Code   RO         2260    i.__ARM_fpclassify  m_ws.l(fpclassify.o)
    0x08002bbe   0x08002bbe   0x00000020   Code   RO         1177    i.__NVIC_SetPriority  stm32f1xx_hal_cortex.o
    0x08002bde   0x08002bde   0x0000000e   Code   RO         2148    i._is_digit         c_w.l(__printf_wp.o)
    0x08002bec   0x08002bec   0x0000004c   Code   RO         2066    i.delay_us          ds18b20.o
    0x08002c38   0x08002c38   0x00000054   Code   RO           15    i.main              main.o
    0x08002c8c   0x08002c8c   0x00000044   Code   RO         1720    i.oled_showFnum     oled.o
    0x08002cd0   0x08002cd0   0x0000002c   Code   RO         2254    locale$$code        c_w.l(lc_numeric_c.o)
    0x08002cfc   0x08002cfc   0x00000062   Code   RO         2167    x$fpl$d2f           fz_ws.l(d2f.o)
    0x08002d5e   0x08002d5e   0x00000002   PAD
    0x08002d60   0x08002d60   0x00000010   Code   RO         2191    x$fpl$dcheck1       fz_ws.l(dcheck1.o)
    0x08002d70   0x08002d70   0x0000002e   Code   RO         2170    x$fpl$dflt          fz_ws.l(dflt_clz.o)
    0x08002d9e   0x08002d9e   0x0000009c   Code   RO         2193    x$fpl$dnaninf       fz_ws.l(dnaninf.o)
    0x08002e3a   0x08002e3a   0x0000000c   Code   RO         2195    x$fpl$dretinf       fz_ws.l(dretinf.o)
    0x08002e46   0x08002e46   0x00000002   PAD
    0x08002e48   0x08002e48   0x00000056   Code   RO         2175    x$fpl$f2d           fz_ws.l(f2d.o)
    0x08002e9e   0x08002e9e   0x0000008c   Code   RO         2197    x$fpl$fnaninf       fz_ws.l(fnaninf.o)
    0x08002f2a   0x08002f2a   0x0000000a   Code   RO         2199    x$fpl$fretinf       fz_ws.l(fretinf.o)
    0x08002f34   0x08002f34   0x00000004   Code   RO         2177    x$fpl$printf1       fz_ws.l(printf1.o)
    0x08002f38   0x08002f38   0x00000064   Code   RO         2258    x$fpl$retnan        fz_ws.l(retnan.o)
    0x08002f9c   0x08002f9c   0x0000005c   Code   RO         2179    x$fpl$scalbn        fz_ws.l(scalbn.o)
    0x08002ff8   0x08002ff8   0x00000030   Code   RO         2322    x$fpl$trapveneer    fz_ws.l(trapv.o)
    0x08003028   0x08003028   0x00000000   Code   RO         2201    x$fpl$usenofp       fz_ws.l(usenofp.o)
    0x08003028   0x08003028   0x00000012   Data   RO          875    .constdata          stm32f1xx_hal_rcc.o
    0x0800303a   0x0800303a   0x00000010   Data   RO         1666    .constdata          system_stm32f1xx.o
    0x0800304a   0x0800304a   0x00001e10   Data   RO         1722    .constdata          oled.o
    0x08004e5a   0x08004e5a   0x00000002   PAD
    0x08004e5c   0x08004e5c   0x00000094   Data   RO         2229    .constdata          c_w.l(bigflt0.o)
    0x08004ef0   0x08004ef0   0x00000020   Data   RO         2403    Region$$Table       anon$$obj.o
    0x08004f10   0x08004f10   0x0000001c   Data   RO         2253    locale$$data        c_w.l(lc_numeric_c.o)


    Execution Region RW_IRAM1 (Exec base: 0x20000000, Load base: 0x08004f2c, Size: 0x00000b48, Max: 0x00005000, ABSOLUTE)

    Exec Addr    Load Addr    Size         Type   Attr      Idx    E Section Name        Object

    0x20000000   0x08004f2c   0x0000000c   Data   RW          712    .data               stm32f1xx_hal.o
    0x2000000c   0x08004f38   0x00000004   Data   RW         1668    .data               system_stm32f1xx.o
    0x20000010        -       0x00000058   Zero   RW          184    .bss                spi.o
    0x20000068        -       0x00000480   Zero   RW         1721    .bss                oled.o
    0x200004e8        -       0x00000060   Zero   RW         2263    .bss                c_w.l(libspace.o)
    0x20000548        -       0x00000200   Zero   RW            2    HEAP                startup_stm32f103xb.o
    0x20000748        -       0x00000400   Zero   RW            1    STACK               startup_stm32f103xb.o


==============================================================================

Image component sizes


      Code (inc. data)   RO Data    RW Data    ZI Data      Debug   Object Name

       420         52          0          0          0       4105   dht11.o
       642         48          0          0          0       5376   ds18b20.o
       188         14          0          0          0        943   gpio.o
       182          0          0          0          0     393308   main.o
       968         54       7696          0       1152       7631   oled.o
       358         18          0          0          0       4491   rc522.o
       216         26          0          0         88       1677   spi.o
        64         26        236          0       1536        808   startup_stm32f103xb.o
       164         28          0         12          0       5869   stm32f1xx_hal.o
       198         14          0          0          0      28931   stm32f1xx_hal_cortex.o
       152          4          0          0          0       1095   stm32f1xx_hal_dma.o
       500         34          0          0          0       3503   stm32f1xx_hal_gpio.o
        60          8          0          0          0        866   stm32f1xx_hal_msp.o
      1188         66         18          0          0       4414   stm32f1xx_hal_rcc.o
      1152          8          0          0          0       6690   stm32f1xx_hal_spi.o
        32          6          0          0          0       4256   stm32f1xx_it.o
         2          0         16          4          0       1107   system_stm32f1xx.o

    ----------------------------------------------------------------------
      6504        406       8000         16       2776     475070   Object Totals
         0          0         32          0          0          0   (incl. Generated)
        18          0          2          0          0          0   (incl. Padding)

    ----------------------------------------------------------------------

      Code (inc. data)   RO Data    RW Data    ZI Data      Debug   Library Member Name

         8          0          0          0          0         68   __main.o
       284          0          0          0          0        156   __printf_wp.o
         0          0          0          0          0          0   __rtentry.o
        12          0          0          0          0          0   __rtentry2.o
         6          0          0          0          0          0   __rtentry4.o
        52          8          0          0          0          0   __scatter.o
        26          0          0          0          0          0   __scatter_copy.o
        28          0          0          0          0          0   __scatter_zi.o
        48          6          0          0          0         96   _printf_char_common.o
         6          0          0          0          0          0   _printf_d.o
       120         16          0          0          0         92   _printf_dec.o
         6          0          0          0          0          0   _printf_f.o
      1054          0          0          0          0        216   _printf_fp_dec.o
       128         16          0          0          0         84   _printf_fp_infnan.o
       178          0          0          0          0         88   _printf_intcommon.o
         0          0          0          0          0          0   _printf_percent.o
         4          0          0          0          0          0   _printf_percent_end.o
        10          0          0          0          0         68   _sputc.o
       228          4        148          0          0         96   bigflt0.o
      1936        128          0          0          0        672   btod.o
        18          0          0          0          0         80   exit.o
         6          0          0          0          0        152   heapauxi.o
         0          0          0          0          0          0   indicate_semi.o
        44         10         28          0          0         76   lc_numeric_c.o
         2          0          0          0          0          0   libinit.o
        18          0          0          0          0          0   libinit2.o
         2          0          0          0          0          0   libshutdown.o
         2          0          0          0          0          0   libshutdown2.o
         8          4          0          0         96         68   libspace.o
       138          0          0          0          0         80   lludiv10.o
        40          6          0          0          0         84   noretval__2sprintf.o
         8          4          0          0          0         68   rt_locale_intlibspace.o
        78          0          0          0          0         80   rt_memclr_w.o
         2          0          0          0          0          0   rtexit.o
        10          0          0          0          0          0   rtexit2.o
       128          0          0          0          0         68   strcmpv7m.o
        12          4          0          0          0         68   sys_exit.o
        74          0          0          0          0         80   sys_stackheap_outer.o
         2          0          0          0          0         68   use_no_semi.o
        98          4          0          0          0         92   d2f.o
        16          4          0          0          0         68   dcheck1.o
        46          0          0          0          0         68   dflt_clz.o
       156          4          0          0          0         92   dnaninf.o
        12          0          0          0          0         68   dretinf.o
        86          4          0          0          0         84   f2d.o
       140          4          0          0          0         84   fnaninf.o
        10          0          0          0          0         68   fretinf.o
         4          0          0          0          0         68   printf1.o
       100          0          0          0          0         68   retnan.o
        92          0          0          0          0         68   scalbn.o
        48          0          0          0          0         68   trapv.o
         0          0          0          0          0          0   usenofp.o
        40          0          0          0          0         68   fpclassify.o

    ----------------------------------------------------------------------
      5588        226        176          0         96       3572   Library Totals
        14          0          0          0          0          0   (incl. Padding)

    ----------------------------------------------------------------------

      Code (inc. data)   RO Data    RW Data    ZI Data      Debug   Library Name

      4726        206        176          0         96       2608   c_w.l
       808         20          0          0          0        896   fz_ws.l
        40          0          0          0          0         68   m_ws.l

    ----------------------------------------------------------------------
      5588        226        176          0         96       3572   Library Totals

    ----------------------------------------------------------------------

==============================================================================


      Code (inc. data)   RO Data    RW Data    ZI Data      Debug   

     12092        632       8176         16       2872     472866   Grand Totals
     12092        632       8176         16       2872     472866   ELF Image Totals
     12092        632       8176         16          0          0   ROM Totals

==============================================================================

    Total RO  Size (Code + RO Data)                20268 (  19.79kB)
    Total RW  Size (RW Data + ZI Data)              2888 (   2.82kB)
    Total ROM Size (Code + RO Data + RW Data)      20284 (  19.81kB)

==============================================================================

